###############################################################################
#
# IAR ELF Linker V9.50.1.380/W64 for ARM                  26/Oct/2024  15:57:11
# Copyright 2007-2023 IAR Systems AB.
#
#    Output file  =
#        D:\files_\stm32f7\sheng_bo_tong_xin\fa_she\EWARM\fa_she\Exe\fa_she.out
#    Map file     =
#        D:\files_\stm32f7\sheng_bo_tong_xin\fa_she\EWARM\fa_she\List\fa_she.map
#    Command line =
#        -f
#        D:\files_\stm32f7\sheng_bo_tong_xin\fa_she\EWARM\fa_she\Exe\fa_she.out.rsp
#        (D:\files_\stm32f7\sheng_bo_tong_xin\fa_she\EWARM\fa_she\Obj\User_8454777428142420917.dir\bsp_driver_sd.o
#        D:\files_\stm32f7\sheng_bo_tong_xin\fa_she\EWARM\fa_she\Obj\FatFs_12623354994737465327.dir\diskio.o
#        D:\files_\stm32f7\sheng_bo_tong_xin\fa_she\EWARM\fa_she\Obj\User_8454777428142420917.dir\fatfs.o
#        D:\files_\stm32f7\sheng_bo_tong_xin\fa_she\EWARM\fa_she\Obj\User_8454777428142420917.dir\fatfs_platform.o
#        D:\files_\stm32f7\sheng_bo_tong_xin\fa_she\EWARM\fa_she\Obj\FatFs_12623354994737465327.dir\ff.o
#        D:\files_\stm32f7\sheng_bo_tong_xin\fa_she\EWARM\fa_she\Obj\FatFs_12623354994737465327.dir\ff_gen_drv.o
#        D:\files_\stm32f7\sheng_bo_tong_xin\fa_she\EWARM\fa_she\Obj\User_8454777428142420917.dir\GUI_App.o
#        D:\files_\stm32f7\sheng_bo_tong_xin\fa_she\EWARM\fa_she\Obj\STemWin_13678884817204183862.dir\GUI_X.o
#        D:\files_\stm32f7\sheng_bo_tong_xin\fa_she\EWARM\fa_she\Obj\User_8454777428142420917.dir\GUIConf.o
#        D:\files_\stm32f7\sheng_bo_tong_xin\fa_she\EWARM\fa_she\Obj\User_8454777428142420917.dir\HW_Init.o
#        D:\files_\stm32f7\sheng_bo_tong_xin\fa_she\EWARM\fa_she\Obj\User_8454777428142420917.dir\main.o
#        D:\files_\stm32f7\sheng_bo_tong_xin\fa_she\EWARM\fa_she\Obj\User_8454777428142420917.dir\sd_diskio.o
#        D:\files_\stm32f7\sheng_bo_tong_xin\fa_she\EWARM\fa_she\Obj\EWARM_18443280873093131863.dir\startup_stm32f746xx.o
#        D:\files_\stm32f7\sheng_bo_tong_xin\fa_she\Middlewares\ST\STemWin\Lib\STemWin_CM7_wc32_ot_ARGB.a
#        D:\files_\stm32f7\sheng_bo_tong_xin\fa_she\EWARM\fa_she\Obj\User_8454777428142420917.dir\STemwin_wrapper.o
#        D:\files_\stm32f7\sheng_bo_tong_xin\fa_she\EWARM\fa_she\Obj\User_8454777428142420917.dir\stm32746g_discovery.o
#        D:\files_\stm32f7\sheng_bo_tong_xin\fa_she\EWARM\fa_she\Obj\User_8454777428142420917.dir\stm32746g_discovery_audio.o
#        D:\files_\stm32f7\sheng_bo_tong_xin\fa_she\EWARM\fa_she\Obj\STM32F7xx_HAL_Driver_11354751252277784.dir\stm32f7xx_hal.o
#        D:\files_\stm32f7\sheng_bo_tong_xin\fa_she\EWARM\fa_she\Obj\STM32F7xx_HAL_Driver_11354751252277784.dir\stm32f7xx_hal_cortex.o
#        D:\files_\stm32f7\sheng_bo_tong_xin\fa_she\EWARM\fa_she\Obj\STM32F7xx_HAL_Driver_11354751252277784.dir\stm32f7xx_hal_crc.o
#        D:\files_\stm32f7\sheng_bo_tong_xin\fa_she\EWARM\fa_she\Obj\STM32F7xx_HAL_Driver_11354751252277784.dir\stm32f7xx_hal_crc_ex.o
#        D:\files_\stm32f7\sheng_bo_tong_xin\fa_she\EWARM\fa_she\Obj\STM32F7xx_HAL_Driver_11354751252277784.dir\stm32f7xx_hal_dma.o
#        D:\files_\stm32f7\sheng_bo_tong_xin\fa_she\EWARM\fa_she\Obj\STM32F7xx_HAL_Driver_11354751252277784.dir\stm32f7xx_hal_dma_ex.o
#        D:\files_\stm32f7\sheng_bo_tong_xin\fa_she\EWARM\fa_she\Obj\STM32F7xx_HAL_Driver_11354751252277784.dir\stm32f7xx_hal_dsi.o
#        D:\files_\stm32f7\sheng_bo_tong_xin\fa_she\EWARM\fa_she\Obj\STM32F7xx_HAL_Driver_11354751252277784.dir\stm32f7xx_hal_exti.o
#        D:\files_\stm32f7\sheng_bo_tong_xin\fa_she\EWARM\fa_she\Obj\STM32F7xx_HAL_Driver_11354751252277784.dir\stm32f7xx_hal_flash.o
#        D:\files_\stm32f7\sheng_bo_tong_xin\fa_she\EWARM\fa_she\Obj\STM32F7xx_HAL_Driver_11354751252277784.dir\stm32f7xx_hal_flash_ex.o
#        D:\files_\stm32f7\sheng_bo_tong_xin\fa_she\EWARM\fa_she\Obj\STM32F7xx_HAL_Driver_11354751252277784.dir\stm32f7xx_hal_gpio.o
#        D:\files_\stm32f7\sheng_bo_tong_xin\fa_she\EWARM\fa_she\Obj\STM32F7xx_HAL_Driver_11354751252277784.dir\stm32f7xx_hal_i2c.o
#        D:\files_\stm32f7\sheng_bo_tong_xin\fa_she\EWARM\fa_she\Obj\STM32F7xx_HAL_Driver_11354751252277784.dir\stm32f7xx_hal_i2c_ex.o
#        D:\files_\stm32f7\sheng_bo_tong_xin\fa_she\EWARM\fa_she\Obj\STM32F7xx_HAL_Driver_11354751252277784.dir\stm32f7xx_hal_ltdc.o
#        D:\files_\stm32f7\sheng_bo_tong_xin\fa_she\EWARM\fa_she\Obj\STM32F7xx_HAL_Driver_11354751252277784.dir\stm32f7xx_hal_ltdc_ex.o
#        D:\files_\stm32f7\sheng_bo_tong_xin\fa_she\EWARM\fa_she\Obj\User_8454777428142420917.dir\stm32f7xx_hal_msp.o
#        D:\files_\stm32f7\sheng_bo_tong_xin\fa_she\EWARM\fa_she\Obj\STM32F7xx_HAL_Driver_11354751252277784.dir\stm32f7xx_hal_pwr.o
#        D:\files_\stm32f7\sheng_bo_tong_xin\fa_she\EWARM\fa_she\Obj\STM32F7xx_HAL_Driver_11354751252277784.dir\stm32f7xx_hal_pwr_ex.o
#        D:\files_\stm32f7\sheng_bo_tong_xin\fa_she\EWARM\fa_she\Obj\STM32F7xx_HAL_Driver_11354751252277784.dir\stm32f7xx_hal_rcc.o
#        D:\files_\stm32f7\sheng_bo_tong_xin\fa_she\EWARM\fa_she\Obj\STM32F7xx_HAL_Driver_11354751252277784.dir\stm32f7xx_hal_rcc_ex.o
#        D:\files_\stm32f7\sheng_bo_tong_xin\fa_she\EWARM\fa_she\Obj\STM32F7xx_HAL_Driver_11354751252277784.dir\stm32f7xx_hal_sai.o
#        D:\files_\stm32f7\sheng_bo_tong_xin\fa_she\EWARM\fa_she\Obj\STM32F7xx_HAL_Driver_11354751252277784.dir\stm32f7xx_hal_sai_ex.o
#        D:\files_\stm32f7\sheng_bo_tong_xin\fa_she\EWARM\fa_she\Obj\STM32F7xx_HAL_Driver_11354751252277784.dir\stm32f7xx_hal_sd.o
#        D:\files_\stm32f7\sheng_bo_tong_xin\fa_she\EWARM\fa_she\Obj\STM32F7xx_HAL_Driver_11354751252277784.dir\stm32f7xx_hal_sdram.o
#        D:\files_\stm32f7\sheng_bo_tong_xin\fa_she\EWARM\fa_she\Obj\STM32F7xx_HAL_Driver_11354751252277784.dir\stm32f7xx_hal_tim.o
#        D:\files_\stm32f7\sheng_bo_tong_xin\fa_she\EWARM\fa_she\Obj\STM32F7xx_HAL_Driver_11354751252277784.dir\stm32f7xx_hal_tim_ex.o
#        D:\files_\stm32f7\sheng_bo_tong_xin\fa_she\EWARM\fa_she\Obj\STM32F7xx_HAL_Driver_11354751252277784.dir\stm32f7xx_hal_uart.o
#        D:\files_\stm32f7\sheng_bo_tong_xin\fa_she\EWARM\fa_she\Obj\STM32F7xx_HAL_Driver_11354751252277784.dir\stm32f7xx_hal_uart_ex.o
#        D:\files_\stm32f7\sheng_bo_tong_xin\fa_she\EWARM\fa_she\Obj\User_8454777428142420917.dir\stm32f7xx_it.o
#        D:\files_\stm32f7\sheng_bo_tong_xin\fa_she\EWARM\fa_she\Obj\STM32F7xx_HAL_Driver_11354751252277784.dir\stm32f7xx_ll_fmc.o
#        D:\files_\stm32f7\sheng_bo_tong_xin\fa_she\EWARM\fa_she\Obj\STM32F7xx_HAL_Driver_11354751252277784.dir\stm32f7xx_ll_sdmmc.o
#        D:\files_\stm32f7\sheng_bo_tong_xin\fa_she\EWARM\fa_she\Obj\FatFs_12623354994737465327.dir\syscall.o
#        D:\files_\stm32f7\sheng_bo_tong_xin\fa_she\EWARM\fa_she\Obj\CMSIS_6603591812247902717.dir\system_stm32f7xx.o
#        D:\files_\stm32f7\sheng_bo_tong_xin\fa_she\EWARM\fa_she\Obj\App_5054002353669439768.dir\WindowDLG.o
#        D:\files_\stm32f7\sheng_bo_tong_xin\fa_she\EWARM\fa_she\Obj\User_8454777428142420917.dir\wm8994.o
#        --redirect _Printf=_PrintfFull --redirect _Scanf=_ScanfFull
#        --no_out_extension -o
#        D:\files_\stm32f7\sheng_bo_tong_xin\fa_she\EWARM\fa_she\Exe\fa_she.out
#        --map
#        D:\files_\stm32f7\sheng_bo_tong_xin\fa_she\EWARM\fa_she\List\fa_she.map
#        --config
#        D:\files_\stm32f7\sheng_bo_tong_xin\fa_she\EWARM/stm32f746xx_flash.icf
#        --semihosting --entry __iar_program_start --vfe --text_out locale
#        --cpu=Cortex-M7 --fpu=VFPv5_sp) --dependencies=n
#        D:\files_\stm32f7\sheng_bo_tong_xin\fa_she\EWARM\fa_she\Exe\fa_she.out.iar_deps
#
###############################################################################

*******************************************************************************
*** RUNTIME MODEL ATTRIBUTES
***

CppFlavor       = *
__CPP_Runtime   = 1
__SystemLibrary = DLib
__dlib_version  = 6


*******************************************************************************
*** HEAP SELECTION
***

The basic heap was selected because --advanced_heap
was not specified and the application did not appear to
be primarily optimized for speed.


*******************************************************************************
*** PLACEMENT SUMMARY
***

"A0":  place at address 0x800'0000 { ro section .intvec };
"P1":  place in [from 0x800'0000 to 0x80f'ffff] { ro };
define block CSTACK with size = 4K, alignment = 8 { };
define block HEAP with size = 4K, alignment = 8 { };
"P2":  place in [from 0x2000'0000 to 0x2004'ffff] {
          rw, block CSTACK, block HEAP };
initialize by copy { rw };

  Section                 Kind         Address  Aligment      Size  Object
  -------                 ----         -------  --------      ----  ------
"A0":                                                        0x1c8
  .intvec                 ro code   0x800'0000         4     0x1c8  startup_stm32f746xx.o [3]
                                  - 0x800'01c8               0x1c8

"P1":                                                     0x2'7918
  .text                   ro code   0x800'01c8         4    0x16f6  ff.o [4]
  .text                   ro code   0x800'18be         2      0x7e  lz77_init_single.o [11]
  .text                   ro code   0x800'193c         4      0xf0  diskio.o [4]
  .text                   ro code   0x800'1a2c         4      0x20  fatfs.o [7]
  .text                   ro code   0x800'1a4c         4      0x60  ff_gen_drv.o [4]
  .rodata                 const     0x800'1aac         4    0x14a0  GUI_CursorResource.o [8]
  .text                   ro code   0x800'2f4c         4     0xfe8  wm8994.o [7]
  .text                   ro code   0x800'3f34         4     0x2e0  stm32746g_discovery.o [7]
  .text                   ro code   0x800'4214         4     0x470  stm32f7xx_hal_gpio.o [5]
  .text                   ro code   0x800'4684         4     0x194  stm32f7xx_hal_cortex.o [5]
  .text                   ro code   0x800'4818         4     0x830  stm32f7xx_hal_i2c.o [5]
  .text                   ro code   0x800'5048         4      0x28  stm32f7xx_hal.o [5]
  .text                   ro code   0x800'5070         4     0x58c  stm32f7xx_hal_msp.o [7]
  .text                   ro code   0x800'55fc         4       0xc  stm32f7xx_hal.o [5]
  .text                   ro code   0x800'5608         4      0x66  ABImemset.o [11]
  .text                   ro code   0x800'5670         4     0x5ec  stm32f7xx_hal_dma.o [5]
  .text                   ro code   0x800'5c5c         4     0xba2  main.o [7]
  .text.GUI_TOUCH_StoreState
                          ro code   0x800'6800         4      0x28  GUI_TOUCH_StoreState.o [8]
  .text                   ro code   0x800'6828         4     0x92e  stm32f7xx_hal_tim.o [5]
  .text                   ro code   0x800'7158         4     0x23c  stm32746g_discovery_audio.o [7]
  .text.GUI_Delay         ro code   0x800'7394         4      0x30  GUI_Time.o [8]
  .text                   ro code   0x800'73c4         4      0x16  stm32f7xx_hal.o [5]
  .text                   ro code   0x800'73dc         4      0x22  S32ToDbl.o [10]
  .text                   ro code   0x800'7400         4      0x48  FltToDbl.o [10]
  .text                   ro code   0x800'7448         4     0x1aa  DblMul.o [10]
  .text                   ro code   0x800'75f4         4     0x246  DblDiv.o [10]
  .text                   ro code   0x800'783c         4      0x12  math_wrappers64.o [10]
  .text                   ro code   0x800'7850         4     0x24e  DblAddSub.o [10]
  .text                   ro code   0x800'7aa0         4      0x36  DblToS32.o [10]
  .text                   ro code   0x800'7ad8         4     0x280  STemwin_wrapper.o [7]
  .text                   ro code   0x800'7d58         4      0xb8  GUI_App.o [7]
  .text                   ro code   0x800'7e10         4     0x60c  stm32f7xx_hal_rcc.o [5]
  .text                   ro code   0x800'841c         4      0x78  stm32f7xx_hal_pwr_ex.o [5]
  .text                   ro code   0x800'8494         4     0x94c  stm32f7xx_hal_rcc_ex.o [5]
  .text                   ro code   0x800'8de0         4      0x90  stm32f7xx_hal_crc.o [5]
  .text                   ro code   0x800'8e70         2      0xc6  stm32f7xx_hal_i2c_ex.o [5]
  .text                   ro code   0x800'8f38         4     0x7ce  stm32f7xx_hal_sai.o [5]
  .text                   ro code   0x800'9708         4      0x74  stm32f7xx_hal_tim_ex.o [5]
  .text                   ro code   0x800'977c         4     0x61a  stm32f7xx_hal_uart.o [5]
  .text.GUI_TOUCH_StoreStateEx
                          ro code   0x800'9d98         4      0x54  GUI_TOUCH.o [8]
  .text                   ro code   0x800'9dec         2       0x2  stm32f7xx_hal_tim.o [5]
  .text                   ro code   0x800'9dee         2       0x2  stm32f7xx_hal_tim.o [5]
  .text                   ro code   0x800'9df0         2       0x2  stm32f7xx_hal_tim.o [5]
  .text                   ro code   0x800'9df2         2       0x2  stm32f7xx_hal_tim.o [5]
  .text                   ro code   0x800'9df4         2       0x2  stm32f7xx_hal_tim_ex.o [5]
  .text                   ro code   0x800'9df6         2       0x2  stm32f7xx_hal_tim_ex.o [5]
  .text                   ro code   0x800'9df8         2       0x2  stm32f7xx_hal_tim.o [5]
  .text                   ro code   0x800'9dfa         2       0x2  stm32f7xx_hal_tim_ex.o [5]
  .text                   ro code   0x800'9dfc         2      0x6e  stm32746g_discovery_audio.o [7]
  .text                   ro code   0x800'9e6c         4     0x160  stm32746g_discovery_audio.o [7]
  .text                   ro code   0x800'9fcc         2       0x2  stm32746g_discovery_audio.o [7]
  .text                   ro code   0x800'9fce         2       0x2  stm32746g_discovery_audio.o [7]
  .text                   ro code   0x800'9fd0         2       0x2  stm32746g_discovery_audio.o [7]
  .text                   ro code   0x800'9fd2         2       0x2  stm32746g_discovery_audio.o [7]
  .text                   ro code   0x800'9fd4         4      0x1e  GUI_X.o [6]
  .text.GUI_Exec          ro code   0x800'9ff4         4      0x5c  GUI_Common.o [8]
  .text                   ro code   0x800'a050         4      0x4c  stm32f7xx_hal.o [5]
  .text                   ro code   0x800'a09c         4     0x410  cos_sin64.o [10]
  .text.GUI_DEVICE_CreateAndLink
                          ro code   0x800'a4ac         4     0x130  GUI_Device.o [8]
  .text.LCD_GetSwapXYEx   ro code   0x800'a5dc         4      0x20  LCD_GetEx.o [8]
  .text.LCD_SetSizeEx     ro code   0x800'a5fc         4      0x34  LCD_Set.o [8]
  .text.LCD_SetVSizeEx    ro code   0x800'a630         4      0x34  LCD_Set.o [8]
  .text.LCD_GetBitsPerPixelEx
                          ro code   0x800'a664         4      0x20  LCD_GetEx.o [8]
  .text.LCD_SetVRAMAddrEx
                          ro code   0x800'a684         4      0x30  LCD_Set.o [8]
  .text                   ro code   0x800'a6b4         4     0x6c0  stm32f7xx_hal_ltdc.o [5]
  .text.GUI_GetLayerPosEx
                          ro code   0x800'ad74         4      0x14  GUI_SelectLayer.o [8]
  .text                   ro code   0x800'ad88         4     0x37c  HW_Init.o [7]
  .text.GUI_Init          ro code   0x800'b104         4     0x188  GUI_Core.o [8]
  .text                   ro code   0x800'b28c         4     0x6fc  WindowDLG.o [1]
  .text                   ro code   0x800'b988         4     0x230  I64DivMod.o [11]
  .text                   ro code   0x800'bbb8         2      0x74  stm32f7xx_hal_crc_ex.o [5]
  .text                   ro code   0x800'bc2c         4      0x68  memcmp.o [11]
  .text.GUI_PID_StoreState
                          ro code   0x800'bc94         4     0x10c  GUI_PID.o [8]
  .text.WM_Exec           ro code   0x800'bda0         4     0x284  WM.o [8]
  .text                   ro code   0x800'c024         4      0x34  DblCmpLe.o [10]
  .text.GUI_ALLOC_GetFixedBlock
                          ro code   0x800'c058         4     0x238  GUI_Alloc.o [8]
  .text.GUI_DEVICE__GetpDriver
                          ro code   0x800'c290         4      0x2c  GUI_Device.o [8]
  .text                   ro code   0x800'c2bc         4      0xa6  ABImemcpy.o [11]
  .text.LCD_GetPosEx      ro code   0x800'c364         4      0x34  LCD_Set.o [8]
  .text                   ro code   0x800'c398         4      0xaa  stm32f7xx_hal_sdram.o [5]
  .text.GUI__Config       ro code   0x800'c444         4      0x80  GUI_Core.o [8]
  .text._InitContext      ro code   0x800'c4c4         4      0x80  GUI_Core.o [8]
  .text.emWin_LCD_Init    ro code   0x800'c544         4     0x110  LCD.o [8]
  .text.LCD_GetXSizeDisplay
                          ro code   0x800'c654         4       0xc  LCD_GetEx.o [8]
  .text.LCD_GetYSizeDisplay
                          ro code   0x800'c660         4       0xc  LCD_GetEx.o [8]
  .text.LCD_GetXSizeMax   ro code   0x800'c66c         4      0x34  LCD_GetEx.o [8]
  .text.LCD_GetYSizeMax   ro code   0x800'c6a0         4      0x34  LCD_GetEx.o [8]
  .text.LCD_SetDisplaySize
                          ro code   0x800'c6d4         4       0xc  LCD_GetEx.o [8]
  .text.GUI_SetOrg        ro code   0x800'c6e0         4      0x34  GUI_Common.o [8]
  .text.WM_Init           ro code   0x800'c714         4     0x150  WM.o [8]
  .text.WM_GetDialogItem  ro code   0x800'c864         4       0x8  WM_Lib.o [8]
  .text.BUTTON_SetText    ro code   0x800'c86c         4      0x5c  BUTTON.o [8]
  .text.CHECKBOX_SetText  ro code   0x800'c8c8         4      0x50  CHECKBOX.o [8]
  .text.LISTVIEW_AddRow   ro code   0x800'c918         4     0x1d4  LISTVIEW.o [8]
  .text.LISTVIEW_SetGridVis
                          ro code   0x800'caec         4      0x7c  LISTVIEW.o [8]
  .text.LISTVIEW_AddColumn
                          ro code   0x800'cb68         4     0x174  LISTVIEW.o [8]
  .text.LISTVIEW_SetHeaderHeight
                          ro code   0x800'ccdc         4      0x28  LISTVIEW.o [8]
  .text.LISTVIEW_SetRowHeight
                          ro code   0x800'cd04         4      0x80  LISTVIEW.o [8]
  .text.TEXT_SetText      ro code   0x800'cd84         4      0x5c  TEXT.o [8]
  .text.SLIDER_SetRange   ro code   0x800'cde0         4      0x40  SLIDER.o [8]
  .text.SLIDER_SetNumTicks
                          ro code   0x800'ce20         4      0x2c  SLIDER.o [8]
  .text.LISTVIEW_SetItemBkColor
                          ro code   0x800'ce4c         4     0x130  LISTVIEW_SetItemColor.o [8]
  .text.WM_GetId          ro code   0x800'cf7c         4      0x20  WM_Lib.o [8]
  .text.CHECKBOX_IsChecked
                          ro code   0x800'cf9c         4      0x2c  CHECKBOX.o [8]
  .text.SLIDER_GetValue   ro code   0x800'cfc8         4      0x28  SLIDER.o [8]
  .text.SLIDER_SetValue   ro code   0x800'cff0         4      0x4c  SLIDER.o [8]
  .text.WM_DefaultProc    ro code   0x800'd03c         4      0x60  WM.o [8]
  .text.WM_GetDesktopWindow
                          ro code   0x800'd09c         4      0x18  WM_Lib.o [8]
  .text.GUI_CreateDialogBox
                          ro code   0x800'd0b4         4      0xc0  DIALOG.o [8]
  .text                   ro code   0x800'd174         4       0x2  I64DivZer.o [11]
  .text.GUI_SignalEvent   ro code   0x800'd178         4      0x10  GUI_WaitEvent.o [8]
  .text.GUI__RegisterExit
                          ro code   0x800'd188         4      0x28  GUI_Core.o [8]
  .text._Exec1Input       ro code   0x800'd1b0         4      0x8c  WM.o [8]
  .text.GUI_SaveContext_W
                          ro code   0x800'd23c         4      0x14  GUI_Common.o [8]
  .text.GUI_SetColor      ro code   0x800'd250         4       0x4  GUI_Common.o [8]
  .text.GUI_SetBkColor    ro code   0x800'd254         4       0x4  GUI_Common.o [8]
  .text.GUI_RestoreContext
                          ro code   0x800'd258         4      0x14  GUI_Common.o [8]
  .text.GUI_ALLOC_LockH   ro code   0x800'd26c         4      0x28  GUI_Alloc.o [8]
  .text.GUI_ALLOC_UnlockH
                          ro code   0x800'd294         4      0x34  GUI_Alloc.o [8]
  .text.GUI__IntersectRect
                          ro code   0x800'd2c8         4      0x3c  GUI__Private.o [8]
  .text.GUI_ALLOC_h2p     ro code   0x800'd304         4      0x14  GUI_Alloc.o [8]
  .text.LCD_SetClipRectMax
                          ro code   0x800'd318         4      0x1c  LCD.o [8]
  .text.GUI_MEMDEV_Draw   ro code   0x800'd334         4     0x170  GUIDEV_Banding.o [8]
  .text.WM__PaintWinAndOverlays
                          ro code   0x800'd4a4         4      0xa0  WM.o [8]
  .text.GUI_SelectLayer   ro code   0x800'd544         4      0x34  GUI_SelectLayer.o [8]
  .text.GUI__ManageCache  ro code   0x800'd578         4      0xf4  GUI__ManageCache.o [8]
  .text._AddFreeMemory    ro code   0x800'd66c         4     0x35c  GUI_Alloc.o [8]
  .text._EnlargeBlocks    ro code   0x800'd9c8         4      0xd8  GUI_Alloc.o [8]
  .text._RemoveHoles      ro code   0x800'daa0         4     0x1b0  GUI_Alloc.o [8]
  .text                   ro code   0x800'dc50         4     0x14e  stm32f7xx_ll_fmc.o [5]
  .text.GUI_GetVersionString
                          ro code   0x800'dda0         4      0x18  GUI_Common.o [8]
  .text                   ro code   0x800'ddb8         4      0x14  GUIConf.o [7]
  .text.LCD_SetBkColor    ro code   0x800'ddcc         4       0xc  LCD.o [8]
  .text.LCD_SetColor      ro code   0x800'ddd8         4       0xc  LCD.o [8]
  .text.LCD_InitColors    ro code   0x800'dde4         4      0x40  LCD_Color.o [8]
  .text.LCD_InitLUT       ro code   0x800'de24         4      0x80  LCD_Color.o [8]
  .text.WM_CreateWindowAsChild
                          ro code   0x800'dea4         4     0x1c4  WM.o [8]
  .text.WM__AddCriticalHandle
                          ro code   0x800'e068         4      0x10  WM__Private.o [8]
  .text.WM_InvalidateRect.part.2
                          ro code   0x800'e078         4      0xd4  WM.o [8]
  .text.__GetDialogItem   ro code   0x800'e14c         4      0xb0  WM_Lib.o [8]
  .text.GUI__SetText      ro code   0x800'e1fc         4      0xd8  GUI__Private.o [8]
  .text.WM_InvalidateWindow
                          ro code   0x800'e2d4         4      0xac  WM.o [8]
  .text.GUI_ARRAY_GetNumItems
                          ro code   0x800'e380         4      0x28  GUI_ARRAY.o [8]
  .text.GUI_ARRAY_AddItem
                          ro code   0x800'e3a8         4      0x9c  GUI_ARRAY.o [8]
  .text.GUI_ARRAY_Create  ro code   0x800'e444         4       0x8  GUI_ARRAY.o [8]
  .text.GUI__strlen       ro code   0x800'e44c         4      0x18  GUI__Private.o [8]
  .text.GUI_ARRAY_GetpItemLocked
                          ro code   0x800'e464         4      0x54  GUI_ARRAY.o [8]
  .text                   ro code   0x800'e4b8         4      0x8c  strcpy_fast.o [11]
  .text.HEADER_GetHeight  ro code   0x800'e544         4      0x34  HEADER.o [8]
  .text.WM_GetInsideRectExScrollbar
                          ro code   0x800'e578         4      0xd8  WM_Lib.o [8]
  .text.WM_InvalidateRect
                          ro code   0x800'e650         4       0x8  WM.o [8]
  .text.LISTVIEW__UpdateScrollParas.part.4
                          ro code   0x800'e658         4     0x16c  LISTVIEW.o [8]
  .text.GUI_ARRAY_DeleteItem
                          ro code   0x800'e7c4         4      0x60  GUI_ARRAY_DeleteItem.o [8]
  .text.GUI_GetYDistOfFont
                          ro code   0x800'e824         4       0x4  GUI_Common.o [8]
  .text.HEADER_AddItem    ro code   0x800'e828         4      0xcc  HEADER.o [8]
  .text.HEADER_SetHeight  ro code   0x800'e8f4         4      0x34  HEADER.o [8]
  .text.LISTVIEW__GetNumColumns
                          ro code   0x800'e928         4       0x8  LISTVIEW.o [8]
  .text.LISTVIEW__GetNumRows
                          ro code   0x800'e930         4       0x8  LISTVIEW.o [8]
  .text.LISTVIEW__GetpRow
                          ro code   0x800'e938         4      0x7c  LISTVIEW.o [8]
  .text.LISTVIEW__CreateCellInfoLocked
                          ro code   0x800'e9b4         4      0x9c  LISTVIEW_SetItemColor.o [8]
  .text.LISTVIEW__InvalidateRow
                          ro code   0x800'ea50         4      0x78  LISTVIEW.o [8]
  .text.WM_SendMessage    ro code   0x800'eac8         4       0x8  WM.o [8]
  .text.WM_NotifyParent   ro code   0x800'ead0         4      0x28  WM_Lib.o [8]
  .text.WM__GetClientRectEx
                          ro code   0x800'eaf8         4      0x28  WM__Private.o [8]
  .text.WM_SendToParent   ro code   0x800'eb20         4      0x24  WM_Lib.o [8]
  .text.WM_GetClientWindow
                          ro code   0x800'eb44         4      0x1c  WM_Lib.o [8]
  .text.WIDGET_OrState    ro code   0x800'eb60         4      0x30  WIDGET.o [8]
  .text.WM_ShowWindow     ro code   0x800'eb90         4      0x30  WM_Lib.o [8]
  .text.WM_DeleteWindow   ro code   0x800'ebc0         4       0x8  WM.o [8]
  .text.WM_SendMessageNoPara
                          ro code   0x800'ebc8         4       0x4  WM_Lib.o [8]
  .text.WM_GetFocusedWindow
                          ro code   0x800'ebcc         4      0x14  WM_Lib.o [8]
  .text.WM_SetFocusOnNextChild
                          ro code   0x800'ebe0         4      0x88  WM_SetFocusOnNextChild.o [8]
  .text.GUI_PollKeyMsg    ro code   0x800'ec68         4      0x30  GUI_OnKey.o [8]
  .text.WM_DeleteWindow.part.3
                          ro code   0x800'ec98         4     0x230  WM.o [8]
  .text                   ro code   0x800'eec8         2       0xc  memcpy.o [11]
  .text.LCD_GetXSizeEx    ro code   0x800'eed4         4      0x20  LCD_GetEx.o [8]
  .text.LCD_GetYSizeEx    ro code   0x800'eef4         4      0x20  LCD_GetEx.o [8]
  .text.GUI_GetOrg        ro code   0x800'ef14         4      0x1c  GUI_Common.o [8]
  .text.GUI_MEMDEV_CreateEx
                          ro code   0x800'ef30         4      0x84  GUIDEV.o [8]
  .text.GUI_MEMDEV_GetYSize
                          ro code   0x800'efb4         4      0x38  GUIDEV_GetYSize.o [8]
  .text.GUI_MEMDEV_Select
                          ro code   0x800'efec         4      0x54  GUIDEV.o [8]
  .text.GUI_MEMDEV_CopyToLCD
                          ro code   0x800'f040         4      0x10  GUIDEV.o [8]
  .text.GUI_MEMDEV_ReduceYSize
                          ro code   0x800'f050         4      0x34  GUIDEV_ReduceYSize.o [8]
  .text.GUI_MEMDEV_SetOrg
                          ro code   0x800'f084         4      0x64  GUIDEV_SetOrg.o [8]
  .text.GUI_MEMDEV_Clear  ro code   0x800'f0e8         4      0x48  GUIDEV_Clear.o [8]
  .text.GUI_MEMDEV_Delete
                          ro code   0x800'f130         4      0x4c  GUIDEV.o [8]
  .text.WM__SendMessageNoPara
                          ro code   0x800'f17c         4      0x28  WM__Private.o [8]
  .text.LCD_GetVXSizeEx   ro code   0x800'f1a4         4      0x20  LCD_GetEx.o [8]
  .text.LCD_GetVYSizeEx   ro code   0x800'f1c4         4      0x20  LCD_GetEx.o [8]
  .text._PaintTransChildren
                          ro code   0x800'f1e4         4      0xd8  WM.o [8]
  .text._Paint1Trans      ro code   0x800'f2bc         4      0xc0  WM.o [8]
  .text.GUI_SelectLCD     ro code   0x800'f37c         4      0x14  GUI_Common.o [8]
  .text._Alloc            ro code   0x800'f390         4     0x374  GUI_Alloc.o [8]
  .text                   ro code   0x800'f704         2       0xc  memmove.o [11]
  .text.GUI_ALLOC_AssignMemory
                          ro code   0x800'f710         4      0x10  GUI_Alloc.o [8]
  .text.LCD_GetNumLayers  ro code   0x800'f720         4      0x20  LCD_GetNumDisplays.o [8]
  .text.LCD_GetNumColorsEx
                          ro code   0x800'f740         4      0x20  LCD_GetEx.o [8]
  .text.LCD_Index2Color   ro code   0x800'f760         4      0x1c  LCD.o [8]
  .text.LCD_SetLUTEntryEx
                          ro code   0x800'f77c         4      0x34  LCD_Set.o [8]
  .text.GUI_ALLOC_AllocZero
                          ro code   0x800'f7b0         4      0x70  GUI_Alloc.o [8]
  .text.WM__InsertWindowIntoList
                          ro code   0x800'f820         4      0xd4  WM.o [8]
  .text.WM__SendMessage   ro code   0x800'f8f4         4      0x3c  WM__Private.o [8]
  .text.WM_BringToBottom  ro code   0x800'f930         4      0x8c  WM_Lib.o [8]
  .text.GUI_MoveRect      ro code   0x800'f9bc         4      0x24  GUI_Common.o [8]
  .text._Invalidate1Abs   ro code   0x800'f9e0         4      0xe4  WM.o [8]
  .text.WM__InvalidateDrawAndDescs
                          ro code   0x800'fac4         4     0x2a4  WM.o [8]
  .text.WM__InvalidateRect
                          ro code   0x800'fd68         4      0xd8  WM.o [8]
  .text._GetDialogItem    ro code   0x800'fe40         4      0x50  WM_Lib.o [8]
  .text.GUI_ALLOC_GetSize
                          ro code   0x800'fe90         4      0x18  GUI_Alloc.o [8]
  .text.GUI_ALLOC_AllocNoInit
                          ro code   0x800'fea8         4       0x8  GUI_Alloc.o [8]
  .text.GUI_ALLOC_FreePtr
                          ro code   0x800'feb0         4      0x38  GUI_Alloc.o [8]
  .text.GUI_ALLOC_Realloc
                          ro code   0x800'fee8         4      0xe0  GUI_Alloc.o [8]
  .text.GUI_ALLOC_AllocInit
                          ro code   0x800'ffc8         4      0x94  GUI_Alloc.o [8]
  .text.GUI_ALLOC_Free    ro code   0x801'005c         4      0x34  GUI_Alloc.o [8]
  .text.WM_GetClientRectEx
                          ro code   0x801'0090         4       0x4  WM_Lib.o [8]
  .text.HEADER_GetNumItems
                          ro code   0x801'0094         4      0x30  HEADER.o [8]
  .text.HEADER_GetItemWidth
                          ro code   0x801'00c4         4      0x4c  HEADER.o [8]
  .text._UpdateScrollPos  ro code   0x801'0110         4      0x7c  LISTVIEW.o [8]
  .text.WM_SetScrollbarV  ro code   0x801'018c         4      0x54  WM_SetScrollbar.o [8]
  .text.WM_SetScrollbarH  ro code   0x801'01e0         4      0x54  WM_SetScrollbar.o [8]
  .text                   ro code   0x801'0234         4      0x36  strlen.o [11]
  .text.WM_GetParent      ro code   0x801'026c         4      0x14  WM_Lib.o [8]
  .text.GUI_SetFont       ro code   0x801'0280         4      0x14  GUI_Common.o [8]
  .text.GUI_GetStringDistX
                          ro code   0x801'0294         4      0x14  GUI_DispString.o [8]
  .text.WM_SetSize        ro code   0x801'02a8         4      0x58  WM_Lib.o [8]
  .text.WM__GetClientRectWin
                          ro code   0x801'0300         4      0x1c  WM.o [8]
  .text.WM_InvalidateWindowAndDescs.part.14
                          ro code   0x801'031c         4      0xac  WM_Lib.o [8]
  .text.WM__GetFocusedChild
                          ro code   0x801'03c8         4      0x4c  WM__Private.o [8]
  .text.WM_IsFocusable    ro code   0x801'0414         4      0x38  WM_Lib.o [8]
  .text.WM__GetTopLevelLayer
                          ro code   0x801'044c         4      0x34  WM.o [8]
  .text.WM_SetFocus       ro code   0x801'0480         4      0xa4  WM_Lib.o [8]
  .text.WM_OnKey          ro code   0x801'0524         4      0x3c  WM_Lib.o [8]
  .text.WM__DeleteAssocTimer
                          ro code   0x801'0560         4      0x70  WM_Timer.o [8]
  .text.GUI_MEMDEV__CreateFixed
                          ro code   0x801'05d0         4     0x138  GUIDEV.o [8]
  .text.WM_Deactivate     ro code   0x801'0708         4      0x14  WM.o [8]
  .text.GUI_DEVICE_Link   ro code   0x801'071c         4      0x9c  GUI_Device.o [8]
  .text.LCD_UpdateColorIndices
                          ro code   0x801'07b8         4      0x24  LCD_UpdateColorIndices.o [8]
  .text.GUI_MEMDEV_CopyToLCDAt.part.0
                          ro code   0x801'07dc         4      0xfc  GUIDEV.o [8]
  .text.GUI_DEVICE_Delete
                          ro code   0x801'08d8         4       0x4  GUI_Device.o [8]
  .text.GUI_USAGE_DecUseCnt
                          ro code   0x801'08dc         4      0x2c  GUIDEV_Usage.o [8]
  .text.GUI_RectsIntersect
                          ro code   0x801'0908         4      0x3c  GUI_Common.o [8]
  .text.GUI__IntersectRects
                          ro code   0x801'0944         4      0x58  GUI__Private.o [8]
  .text.LCD_SelectLCD     ro code   0x801'099c         4      0x44  LCD_SelectLCD.o [8]
  .text.WM_Activate       ro code   0x801'09e0         4      0x10  WM.o [8]
  .text                   ro code   0x801'09f0         4      0x96  ABImemmove.o [11]
  .text.WM__GetPrevSibling
                          ro code   0x801'0a88         4      0x34  WM__Private.o [8]
  .text.WM__InvalidateRectEx
                          ro code   0x801'0abc         4      0xc4  WM.o [8]
  .text.GUI_MergeRect     ro code   0x801'0b80         4      0x5c  GUI_Common.o [8]
  .text.WM_GetFirstChild  ro code   0x801'0bdc         4      0x14  WM_Lib.o [8]
  .text.WM_InvalidateWindowAndDescsEx
                          ro code   0x801'0bf0         4     0x364  WM.o [8]
  .text._GetDialogItem.part.5
                          ro code   0x801'0f54         4     0x1f8  WM_Lib.o [8]
  .text.WM_CheckScrollPos
                          ro code   0x801'114c         4      0x48  WM_Lib.o [8]
  .text.WM_CheckScrollBounds
                          ro code   0x801'1194         4      0x20  WM_Lib.o [8]
  .text.WIDGET__SetScrollState
                          ro code   0x801'11b4         4      0x28  WIDGET.o [8]
  .text.HEADER_SetScrollPos
                          ro code   0x801'11dc         4      0x38  HEADER.o [8]
  .text.SCROLLBAR_CreateAttached
                          ro code   0x801'1214         4     0x11c  SCROLLBAR.o [8]
  .text.WM_HideWindow     ro code   0x801'1330         4      0x38  WM_Hide.o [8]
  .text.WM__DeleteSecure  ro code   0x801'1368         4      0x1c  WM.o [8]
  .text.GUI__GetNumChars  ro code   0x801'1384         4      0x34  GUI_UC.o [8]
  .text.GUI__GetLineDistX
                          ro code   0x801'13b8         4      0x80  GUI_CharLine.o [8]
  .text.WM_ResizeWindow.part.11
                          ro code   0x801'1438         4      0xf8  WM_Lib.o [8]
  .text.WM__IsWindow      ro code   0x801'1530         4      0x2c  WM.o [8]
  .text.GUI_TIMER__GetFirstTimer
                          ro code   0x801'155c         4      0x30  GUI_Timer.o [8]
  .text.GUI_TIMER_GetFlag
                          ro code   0x801'158c         4      0x30  GUI_Timer.o [8]
  .text.GUI_TIMER__GetNextTimerLin
                          ro code   0x801'15bc         4      0x40  GUI_Timer.o [8]
  .text.GUI_TIMER_Delete  ro code   0x801'15fc         4      0xc8  GUI_Timer.o [8]
  .text.GUI_DEVICE_Create
                          ro code   0x801'16c4         4      0x5c  GUI_Device.o [8]
  .text.LCD__GetBPPDevice
                          ro code   0x801'1720         4      0x68  LCD_GetEx.o [8]
  .text.GUI_ALLOC_RequestSize
                          ro code   0x801'1788         4     0x160  GUI_Alloc.o [8]
  .text.GUI_USAGE_BM_Create
                          ro code   0x801'18e8         4      0x54  GUIDEV_UsageBM.o [8]
  .text.LCD_Color2Index   ro code   0x801'193c         4      0x1c  LCD.o [8]
  .text.LCD_SetColorIndex
                          ro code   0x801'1958         4      0x18  LCD.o [8]
  .text.LCD_SetBkColorIndex
                          ro code   0x801'1970         4      0x18  LCD.o [8]
  .text.GUI_SetDrawMode   ro code   0x801'1988         4       0x4  GUI_Common.o [8]
  .text.WM__InitIVRSearch
                          ro code   0x801'198c         4     0x198  WM.o [8]
  .text.GUI_MEMDEV__WriteToActiveOpaque
                          ro code   0x801'1b24         4     0x9c0  GUIDEV_WriteToActiveOpaque.o [8]
  .text.WM__GetNextIVR    ro code   0x801'24e4         4     0x254  WM.o [8]
  .text.GUI_ALLOC_FreeFixedBlock
                          ro code   0x801'2738         4      0x14  GUI_Alloc.o [8]
  .text.GUI_DEVICE_Unlink
                          ro code   0x801'274c         4      0x44  GUI_Device.o [8]
  .text.WM_SetScrollState
                          ro code   0x801'2790         4      0x20  WM_Lib.o [8]
  .text.WM_GetInsideRectEx
                          ro code   0x801'27b0         4      0x1c  WM_Lib.o [8]
  .text.WIDGET__Init      ro code   0x801'27cc         4      0x10  WIDGET.o [8]
  .text.WM_GetScrollPartner
                          ro code   0x801'27dc         4      0x48  WM_Lib.o [8]
  .text.GUI_UC__GetCharCodeInc
                          ro code   0x801'2824         4      0x28  GUI_UC.o [8]
  .text.GUI_GetCharDistX  ro code   0x801'284c         4      0x10  GUI_Char.o [8]
  .text.GUI_GetCharDistXEx
                          ro code   0x801'285c         4      0x10  GUI_Char.o [8]
  .text.WM__UpdateChildPositions
                          ro code   0x801'286c         4     0x124  WM__Private.o [8]
  .text.WM__SendMsgNoData
                          ro code   0x801'2990         4      0x18  WM.o [8]
  .text.LCD_SetDrawMode   ro code   0x801'29a8         4       0xc  LCD.o [8]
  .text.WM__ActivateClipRect
                          ro code   0x801'29b4         4     0x128  WM.o [8]
  .text.GUI_MEMDEV_GetBitsPerPixel
                          ro code   0x801'2adc         4      0x34  GUIDEV.o [8]
  .text.GUI_GetBitsPerPixelEx
                          ro code   0x801'2b10         4      0x14  LCD_GetEx.o [8]
  .text.GUI_GetpfIndex2ColorEx
                          ro code   0x801'2b24         4      0x10  LCD_GetEx.o [8]
  .text.GUI_GetpfColor2IndexEx
                          ro code   0x801'2b34         4      0x10  LCD_GetEx.o [8]
  .text.GUI_MEMDEV_GetDataPtr
                          ro code   0x801'2b44         4      0x24  GUIDEV_GetDataPtr.o [8]
  .text.GUI__CompactPixelIndices
                          ro code   0x801'2b68         4     0x1a8  GUI__CompactPixelIndices.o [8]
  .text.LCD_DrawBitmap    ro code   0x801'2d10         4     0x30c  LCD.o [8]
  .text.LCD__DrawBitmap_1bpp
                          ro code   0x801'301c         4     0x21c  LCD.o [8]
  .text._Findx0.constprop.10
                          ro code   0x801'3238         4      0x8c  WM.o [8]
  .text._Findx1           ro code   0x801'32c4         4      0x90  WM.o [8]
  .text._Findy1.constprop.11
                          ro code   0x801'3354         4      0xa8  WM.o [8]
  .text.WM_MoveWindow     ro code   0x801'33fc         4      0xac  WM_Move.o [8]
  .text.WM_ResizeWindow   ro code   0x801'34a8         4      0x18  WM_Lib.o [8]
  .text.LCD_SetClipRectEx
                          ro code   0x801'34c0         4      0x34  LCD_SetClipRectEx.o [8]
  .text._Findx0           ro code   0x801'34f4         4      0xa4  WM.o [8]
  .text._Findy1           ro code   0x801'3598         4      0xd0  WM.o [8]
  .text._MoveDescendents  ro code   0x801'3668         4     0x258  WM_Move.o [8]
  .text.WM__InvalidateParent
                          ro code   0x801'38c0         4      0xe8  WM.o [8]
  .text                   ro code   0x801'39a8         4     0xec6  stm32f7xx_hal_sd.o [5]
  .text                   ro code   0x801'4870         4     0x740  stm32f7xx_ll_sdmmc.o [5]
  .text                   ro code   0x801'4fb0         2       0x2  stm32f7xx_hal_sd.o [5]
  .text                   ro code   0x801'4fb4         4      0xe6  bsp_driver_sd.o [7]
  .text                   ro code   0x801'509a         2       0x2  bsp_driver_sd.o [7]
  .text                   ro code   0x801'509c         4     0x308  sd_diskio.o [7]
  .text                   ro code   0x801'53a4         4      0x20  fatfs_platform.o [7]
  .text.LISTVIEW_Callback
                          ro code   0x801'53c4         4     0xe98  LISTVIEW.o [8]
  .text.WIDGET_HandleActive
                          ro code   0x801'625c         4     0x1c4  WIDGET.o [8]
  .text.GUI_SetTextMode   ro code   0x801'6420         4      0x14  GUI_Common.o [8]
  .text.WIDGET__EFFECT_DrawDown
                          ro code   0x801'6434         4      0xa0  WIDGET.o [8]
  .text.GUI_ARRAY_Delete  ro code   0x801'64d4         4      0x60  GUI_ARRAY.o [8]
  .text.GUI_DrawHLine     ro code   0x801'6534         4      0x4c  GUI_DrawLib.o [8]
  .text.WM_GetScrollbarV  ro code   0x801'6580         4      0x50  WM_Lib.o [8]
  .text.WM_GetScrollbarH  ro code   0x801'65d0         4      0x50  WM_Lib.o [8]
  .text.WM_GetScrollState
                          ro code   0x801'6620         4      0x18  WM_Lib.o [8]
  .text.HEADER_GetSel     ro code   0x801'6638         4      0x28  HEADER.o [8]
  .text.LISTVIEW__InvalidateInsideArea
                          ro code   0x801'6660         4      0x3c  LISTVIEW.o [8]
  .text.LISTVIEW__SetSel  ro code   0x801'669c         4     0x19c  LISTVIEW.o [8]
  .text._ColumnScroll     ro code   0x801'6838         4     0x298  LISTVIEW.o [8]
  .text.unlikely._MoveSel
                          ro code   0x801'6ad0         4      0xcc  LISTVIEW.o [8]
  .text.GUI_DrawVLine     ro code   0x801'6b9c         4      0x48  GUI_DrawLib.o [8]
  .text.WM_HasFocus       ro code   0x801'6be4         4      0x1c  WM_Lib.o [8]
  .text.WM_SetScrollValue
                          ro code   0x801'6c00         4      0x40  WM_Lib.o [8]
  .text.GUI__ReduceRect   ro code   0x801'6c40         4      0x20  GUI__Private.o [8]
  .text.WM_BringToTop     ro code   0x801'6c60         4      0x7c  WM_BringToTop.o [8]
  .text.WM_GetClientRect  ro code   0x801'6cdc         4      0x1c  WM_Lib.o [8]
  .text.WM__Screen2Client
                          ro code   0x801'6cf8         4      0x14  WM__Private.o [8]
  .text.LCD_DrawVLine     ro code   0x801'6d0c         4      0x50  LCD.o [8]
  .text.WM__RemoveWindowFromList
                          ro code   0x801'6d5c         4      0x44  WM.o [8]
  .text.WM_ForEachDesc    ro code   0x801'6da0         4       0x4  WM_Lib.o [8]
  .text.WM__ForEachDesc   ro code   0x801'6da4         4     0x15c  WM__Private.o [8]
  .text._DrawBitmap       ro code   0x801'6f00         4     0xa38  GUIDEV_16.o [8]
  .text.GUI_USAGE_AddRect
                          ro code   0x801'7938         4      0x24  GUIDEV_Usage.o [8]
  .text._DrawBitmap       ro code   0x801'795c         4     0x9c0  GUIDEV_32.o [8]
  .rodata                 const     0x801'831c         4     0x981  F13_1.o [8]
  .rodata                 const     0x801'8ca0         4     0x939  F13_ASCII.o [8]
  .text._DrawBitmap       ro code   0x801'95dc         4     0x7f0  GUI_SPRITE.o [8]
  .text.GUI_GetBitmapPixelIndexEx
                          ro code   0x801'9dcc         4      0xb8  GUI_Common.o [8]
  .text.GUI_GetBitmapPixelIndex
                          ro code   0x801'9e84         4      0xa8  GUI_Common.o [8]
  .rodata                 const     0x801'9f2c         4     0x73c  F6x8.o [8]
  .text._DrawBitmap       ro code   0x801'a668         4     0x724  GUIDRV_Lin_16.o [8]
  .text.SCROLLBAR_Callback
                          ro code   0x801'ad8c         4     0x660  SCROLLBAR.o [8]
  .text.WM_RestartTimer   ro code   0x801'b3ec         4      0x30  WM_Timer.o [8]
  .text.WM_SetCapture     ro code   0x801'b41c         4      0x44  WM_SetCapture.o [8]
  .text.WIDGET_AndState   ro code   0x801'b460         4      0x30  WIDGET.o [8]
  .text.WM_DeleteTimer    ro code   0x801'b490         4      0x2c  WM_Timer.o [8]
  .text.GUI__DivideRound32
                          ro code   0x801'b4bc         4      0x18  GUI__Private.o [8]
  .text.WM_CreateTimer    ro code   0x801'b4d4         4      0x70  WM_Timer.o [8]
  .text.GUI_TIMER_Restart
                          ro code   0x801'b544         4      0x7c  GUI_Timer.o [8]
  .text.GUI_TIMER_SetPeriod
                          ro code   0x801'b5c0         4      0x20  GUI_Timer.o [8]
  .text.GUI_GetTime       ro code   0x801'b5e0         4       0x4  GUI_Time.o [8]
  .text.GUI_TIMER_Create  ro code   0x801'b5e4         4      0x98  GUI_Timer.o [8]
  .text._Link             ro code   0x801'b67c         4      0x9c  GUI_Timer.o [8]
  .text.GUI_SPRITE_SetPosition
                          ro code   0x801'b718         4     0x630  GUI_SPRITE.o [8]
  .text._CreateBuffer.isra.4
                          ro code   0x801'bd48         4      0xb4  GUI_SPRITE.o [8]
  .text._SetBkIndexBuffered
                          ro code   0x801'bdfc         4      0xd0  GUI_SPRITE.o [8]
  .text._ReleaseBuffer.isra.7
                          ro code   0x801'becc         4      0x8c  GUI_SPRITE.o [8]
  .text.GUI_ALLOC_GetMaxSize
                          ro code   0x801'bf58         4     0x134  GUI_Alloc.o [8]
  .text.GL_FillPolygon    ro code   0x801'c08c         4     0x5ec  GUI_FillPolygon.o [8]
  .text.CHECKBOX_DrawSkinFlex
                          ro code   0x801'c678         4     0x57c  CHECKBOX_SkinFlex.o [8]
  .text.WM__IsEnabled     ro code   0x801'cbf4         4      0x14  WM__Private.o [8]
  .text.WM_SetHasTrans    ro code   0x801'cc08         4      0x4c  WM_SetTrans.o [8]
  .text.GUI_DrawBitmap    ro code   0x801'cc54         4     0x100  GUI_DrawBitmap.o [8]
  .text.WM_GetHasTrans    ro code   0x801'cd54         4      0x14  WM_SetTrans.o [8]
  .text.GUI_DrawRect      ro code   0x801'cd68         4      0x84  GUI_2DLib.o [8]
  .text.GUI_DrawGradientV
                          ro code   0x801'cdec         4     0x1a0  GUI_DrawGradient.o [8]
  .text.GUI_GetYSizeOfFont
                          ro code   0x801'cf8c         4       0xc  GUI_Common.o [8]
  .text.GUI_DrawFocusRect
                          ro code   0x801'cf98         4      0xb0  GUI_DrawLib.o [8]
  .text.GUI_DispStringInRect
                          ro code   0x801'd048         4      0x48  GUI_DispString.o [8]
  .text.CHECKBOX_GetBkColor
                          ro code   0x801'd090         4      0x30  CHECKBOX.o [8]
  .text.GUI_Clear         ro code   0x801'd0c0         4      0x70  GUI_Core.o [8]
  .text.WM_ValidateWindow
                          ro code   0x801'd130         4      0x34  WM_Lib.o [8]
  .text.LCD_DrawHLine     ro code   0x801'd164         4      0x50  LCD.o [8]
  .text.GUI_GetColor      ro code   0x801'd1b4         4      0x10  GUI_Common.o [8]
  .text.LCD_FillRect      ro code   0x801'd1c4         4      0x60  LCD.o [8]
  .text.LCD_DrawPixel     ro code   0x801'd224         4      0x64  LCD.o [8]
  .text.WM_SetUserClipRect
                          ro code   0x801'd288         4      0x18  WM_Lib.o [8]
  .text.GUI__DispStringInRect
                          ro code   0x801'd2a0         4     0x18c  GUI_DispString.o [8]
  .text.GUI_GotoXY        ro code   0x801'd42c         4      0x10  GUI_Common.o [8]
  .text.LCD_GetColorIndex
                          ro code   0x801'd43c         4      0x10  LCD_GetColorIndex.o [8]
  .text.GUI_GetFontDistY  ro code   0x801'd44c         4      0x10  GUI_Char.o [8]
  .text.GUI__DispLine     ro code   0x801'd45c         4      0xc4  GUI_CharLine.o [8]
  .text.GUI_UC__NumChars2NumBytes
                          ro code   0x801'd520         4      0x28  GUI_UC.o [8]
  .text.GUI__HandleEOLine
                          ro code   0x801'd548         4      0x30  GUI__Private.o [8]
  .text.GUI__GetLineNumChars
                          ro code   0x801'd578         4      0x50  GUI_CharLine.o [8]
  .text.GUI_GetClientRect
                          ro code   0x801'd5c8         4       0x8  GUI_Common.o [8]
  .text._DispLine         ro code   0x801'd5d0         4      0x9c  GUI_CharLine.o [8]
  .text._HandlePID        ro code   0x801'd66c         4     0x4f4  HEADER.o [8]
  .text.WM_GetWindowSizeY
                          ro code   0x801'db60         4      0x2c  WM_GetWindowSize.o [8]
  .text.GUI_CURSOR_GetStateEx
                          ro code   0x801'db8c         4      0x14  GUI_Cursor.o [8]
  .text.WM_ReleaseCapture
                          ro code   0x801'dba0         4      0x30  WM_SetCapture.o [8]
  .text.GUI_CURSOR_SelectEx
                          ro code   0x801'dbd0         4     0x120  GUI_Cursor.o [8]
  .text.WM_GetWindowSizeX
                          ro code   0x801'dcf0         4      0x2c  WM_GetWindowSize.o [8]
  .text.WM_GetActiveWindow
                          ro code   0x801'dd1c         4       0xc  WM.o [8]
  .text.GUI_GetCursorLayer
                          ro code   0x801'dd28         4      0x14  GUI_SelectLayer.o [8]
  .text.GUI_SPRITE__CreateEx
                          ro code   0x801'dd3c         4      0xe0  GUI_SPRITE.o [8]
  .text.GUI_SetLayerSizeEx
                          ro code   0x801'de1c         4       0x4  GUI_SelectLayer.o [8]
  .text.GUI_SetLayerVisEx
                          ro code   0x801'de20         4       0x4  GUI_SelectLayer.o [8]
  .text.GUI_SPRITE_Show   ro code   0x801'de24         4      0x64  GUI_SPRITE.o [8]
  .text.GUI_SPRITE_Delete
                          ro code   0x801'de88         4      0x54  GUI_SPRITE.o [8]
  .text._DoColorConversion.isra.3
                          ro code   0x801'dedc         4      0xa0  GUI_SPRITE.o [8]
  .text._SpriteDraw       ro code   0x801'df7c         4     0x3dc  GUI_SPRITE.o [8]
  .text.LCD_SetVisEx      ro code   0x801'e358         4      0x30  LCD_Set.o [8]
  .text._Undraw           ro code   0x801'e388         4     0x218  GUI_SPRITE.o [8]
  .text.WM_HandlePID      ro code   0x801'e5a0         4     0x4ec  WM_Touch.o [8]
  .text.GUI_PID_IsEmpty   ro code   0x801'ea8c         4      0x14  GUI_PID.o [8]
  .text.GUI_PID_GetState  ro code   0x801'eaa0         4      0x58  GUI_PID.o [8]
  .text.GUI_CURSOR_SetPositionEx
                          ro code   0x801'eaf8         4      0x7c  GUI_Cursor.o [8]
  .text.WM__IsAncestor    ro code   0x801'eb74         4      0x24  WM__Private.o [8]
  .text.WM__SendTouchMessage
                          ro code   0x801'eb98         4      0x78  WM_Touch.o [8]
  .text.WM_PID__SetPrevState
                          ro code   0x801'ec10         4      0x1c  WM_PID__GetPrevState.o [8]
  .text.WM__RemoveCriticalHandle
                          ro code   0x801'ec2c         4      0x3c  WM__Private.o [8]
  .text.WM_Screen2hWin    ro code   0x801'ec68         4      0x84  WM_Screen2Win.o [8]
  .text.WM__SendMessageIfEnabled
                          ro code   0x801'ecec         4      0x48  WM__Private.o [8]
  .text.WM_IsWindow       ro code   0x801'ed34         4       0x4  WM_Lib.o [8]
  .text.GUI_SetLayerPosEx
                          ro code   0x801'ed38         4       0x4  GUI_SelectLayer.o [8]
  .text.WM_GetDesktopWindowEx
                          ro code   0x801'ed3c         4      0x14  WM_Lib.o [8]
  .text._Screen2hWin      ro code   0x801'ed50         4     0x3a4  WM_Screen2Win.o [8]
  .text.LCD_SetPosEx      ro code   0x801'f0f4         4      0x34  LCD_Set.o [8]
  .text.GL_DrawLine1Ex    ro code   0x801'f128         4     0x408  GUI_DrawLine.o [8]
  .text.GL_DrawPoint      ro code   0x801'f530         4      0x20  GUI_DrawLib.o [8]
  .text.GL_FillCircle     ro code   0x801'f550         4      0xe4  GUI_Circ.o [8]
  .text.SLIDER_DrawSkinFlex
                          ro code   0x801'f634         4     0x404  SLIDER_SkinFlex.o [8]
  .text.SLIDER_GetFlag    ro code   0x801'fa38         4      0x2c  SLIDER.o [8]
  .text.GUI_FillRect      ro code   0x801'fa64         4      0x48  GUI_DrawLib.o [8]
  .text.GUI_DrawLine      ro code   0x801'faac         4     0x2dc  GUI_DrawLine.o [8]
  .text.GUI_DrawGradientH
                          ro code   0x801'fd88         4     0x1a0  GUI_DrawGradient.o [8]
  .text._FillRect         ro code   0x801'ff28         4     0x38c  GUI_SPRITE.o [8]
  .rodata                 const     0x802'02b4         4     0x370  GUI__DivTbl.o [8]
  .text._DrawVLine        ro code   0x802'0624         4     0x334  GUI_SPRITE.o [8]
  .text._DrawHLine        ro code   0x802'0958         4     0x314  GUI_SPRITE.o [8]
  .text.HEADER_DrawSkinFlex
                          ro code   0x802'0c6c         4     0x2ec  HEADER_SkinFlex.o [8]
  .text.GUI_DRAW__GetXSize
                          ro code   0x802'0f58         4      0x28  GUI_DRAW.o [8]
  .text.GUI_DRAW__GetYSize
                          ro code   0x802'0f80         4      0x28  GUI_DRAW.o [8]
  .text.GUI_DRAW__Draw    ro code   0x802'0fa8         4      0x38  GUI_DRAW.o [8]
  .text.GUI__DrawTwinArc4
                          ro code   0x802'0fe0         4     0x284  GUI__DrawTwinArc.o [8]
  .text.GUI__sqrt32       ro code   0x802'1264         4     0x13c  GUI__Private.o [8]
  .text.GUI__DoAlphaBlending
                          ro code   0x802'13a0         4     0x27c  GUI__Alpha.o [8]
  .text.GUI_ReadRectEx    ro code   0x802'161c         4      0x60  LCD_ReadRect.o [8]
  .text.GUI__ExpandPixelIndicesEx
                          ro code   0x802'167c         4     0x188  GUI__ExpandPixelIndices.o [8]
  .text.LCD_GetVXSizeMax  ro code   0x802'1804         4      0x34  LCD_GetEx.o [8]
  .text.LCD_ReadRectEx    ro code   0x802'1838         4     0x220  LCD_ReadRect.o [8]
  .text._FillRect         ro code   0x802'1a58         4     0x27c  GUIDRV_Lin_16.o [8]
  .text.BUTTON_DrawSkinFlex
                          ro code   0x802'1cd4         4     0x264  BUTTON_SkinFlex.o [8]
  .text._Paint            ro code   0x802'1f38         4     0x238  SLIDER_Skin.o [8]
  .text.SCROLLBAR_DrawSkinFlex
                          ro code   0x802'2170         4     0x20c  SCROLLBAR_SkinFlex.o [8]
  .text.WIDGET__RotateRect90
                          ro code   0x802'237c         4      0x2c  WIDGET.o [8]
  .text.WIDGET__DrawTriangle
                          ro code   0x802'23a8         4      0x5c  WIDGET.o [8]
  .text.HEADER_Callback   ro code   0x802'2404         4     0x1f4  HEADER.o [8]
  .text.SLIDER_Callback   ro code   0x802'25f8         4     0x1f4  SLIDER.o [8]
  .text.WIDGET__GetWindowSizeX
                          ro code   0x802'27ec         4      0x30  WIDGET.o [8]
  .text._WriteToActiveAlpha
                          ro code   0x802'281c         4     0x198  GUIDEV_WriteToActiveAlpha.o [8]
  .text.GUI__AllocAlphaBuffer
                          ro code   0x802'29b4         4      0x9c  GUI__Alpha.o [8]
  .text.GUI__CompactPixelIndicesEx
                          ro code   0x802'2a50         4     0x18c  GUI__CompactPixelIndices.o [8]
  .text.GUI_MEMDEV_Paint1Static
                          ro code   0x802'2bdc         4     0x194  GUIDEV_StaticDevices.o [8]
  .text.GUI__AlphaPreserveTrans
                          ro code   0x802'2d70         4      0x2c  GUI_SetAlpha.o [8]
  .text.WM_GetWindowOrgX  ro code   0x802'2d9c         4      0x10  WM_Lib.o [8]
  .text.WM__Paint1        ro code   0x802'2dac         4      0xb8  WM.o [8]
  .text.GUI_MEMDEV_Write  ro code   0x802'2e64         4      0x5c  GUIDEV_Write.o [8]
  .text.LCD_GetXSize      ro code   0x802'2ec0         4      0x2c  LCD_GetEx.o [8]
  .text.LCD_GetYSize      ro code   0x802'2eec         4      0x2c  LCD_GetEx.o [8]
  .text.LCD_AA_SetOrMask  ro code   0x802'2f18         4      0x10  LCD_AA.o [8]
  .text.GL_SetDefault     ro code   0x802'2f28         4      0x48  GUI_Common.o [8]
  .text.GUI_MEMDEV__WriteToActiveAt
                          ro code   0x802'2f70         4      0x3c  GUIDEV.o [8]
  .text.GUI_MEMDEV__WriteToActiveAlpha
                          ro code   0x802'2fac         4     0x194  GUIDEV_WriteToActiveAlpha.o [8]
  .text.GUI_DispStringInRectWrap.part.1
                          ro code   0x802'3140         4     0x190  GUI_DispString.o [8]
  .text.GUI__WrapGetNumBytesToNextLine
                          ro code   0x802'32d0         4      0xc4  GUI__Wrap.o [8]
  .text.GUI__WrapGetNumCharsDisp
                          ro code   0x802'3394         4      0x24  GUI__Wrap.o [8]
  .text.CHECKBOX_Callback
                          ro code   0x802'33b8         4     0x188  CHECKBOX.o [8]
  .text.WM_HasCaptured    ro code   0x802'3540         4      0x1c  WM_Lib.o [8]
  .text.GUI_StoreKey      ro code   0x802'355c         4      0x10  GUI_OnKey.o [8]
  .text.GUIMONO_DispChar  ro code   0x802'356c         4     0x17c  GUI_CharM.o [8]
  .text._CalcPositions    ro code   0x802'36e8         4     0x17c  SCROLLBAR_Skin.o [8]
  .text.SCROLLBAR__Rect2VRect
                          ro code   0x802'3864         4      0x38  SCROLLBAR.o [8]
  .text.WM_GetWindowRectEx
                          ro code   0x802'389c         4      0x18  WM_Lib.o [8]
  .text._SetPos           ro code   0x802'38b4         4     0x178  GUIDRV_Lin_16.o [8]
  .text.GUI__memset       ro code   0x802'3a2c         4      0x80  GUI__Private.o [8]
  .text                   ro code   0x802'3aac         2      0x14  memset.o [11]
  .text._FillRect         ro code   0x802'3ac0         4     0x174  GUIDEV_16.o [8]
  .text.GUI__memset16     ro code   0x802'3c34         4      0x68  GUI__Private.o [8]
  .text.BUTTON_Callback   ro code   0x802'3c9c         4     0x170  BUTTON.o [8]
  .text.GUI_ALLOC_FreePtrArray
                          ro code   0x802'3e0c         4      0x60  GUI_Alloc.o [8]
  .text.WINDOW_Callback   ro code   0x802'3e6c         4     0x144  WINDOW.o [8]
  .text.WM_SetFocusOnPrevChild
                          ro code   0x802'3fb0         4      0x64  WM_SetFocusOnPrevChild.o [8]
  .text.WM__IsAncestorOrSelf
                          ro code   0x802'4014         4      0x34  WM__Private.o [8]
  .text.WM__GetLastSibling
                          ro code   0x802'4048         4      0x1c  WM__Private.o [8]
  .rodata                 const     0x802'4064         4     0x134  WindowDLG.o [1]
  .text.LISTVIEW_CreateIndirect
                          ro code   0x802'4198         4     0x12c  LISTVIEW.o [8]
  .text.HEADER_CreateEx   ro code   0x802'42c4         4      0xec  HEADER.o [8]
  .text.WIDGET_GetDefaultEffect
                          ro code   0x802'43b0         4       0xc  WIDGET.o [8]
  .text._Paint            ro code   0x802'43bc         4     0x11c  HEADER_Skin.o [8]
  .text.WIDGET__GetClientRect
                          ro code   0x802'44d8         4      0x38  WIDGET.o [8]
  .text.LISTVIEW_OwnerDraw
                          ro code   0x802'4510         4     0x118  LISTVIEW.o [8]
  .text.GUI_ClearRectEx   ro code   0x802'4628         4      0x6c  GUI_Core.o [8]
  .text.GUI_DispStringInRectWrap
                          ro code   0x802'4694         4       0x8  GUI_DispString.o [8]
  .text._XorPixel         ro code   0x802'469c         4     0x10c  GUI_SPRITE.o [8]
  .text._SetPixelIndex    ro code   0x802'47a8         4     0x108  GUI_SPRITE.o [8]
  .rodata                 const     0x802'48b0         4     0x100  LCD_Mirror.o [8]
  .text.CHECKBOX_CreateIndirect
                          ro code   0x802'49b0         4      0xf8  CHECKBOX.o [8]
  .text.GUIPROP_DispChar  ro code   0x802'4aa8         4      0xf4  GUI_CharP.o [8]
  .text.GUI_GetBkColor    ro code   0x802'4b9c         4      0x10  GUI_Common.o [8]
  .text.LCD_GetBkColorIndex
                          ro code   0x802'4bac         4      0x10  LCD_GetColorIndex.o [8]
  .text._DrawFrame        ro code   0x802'4bbc         4      0xf4  SCROLLBAR_SkinFlex.o [8]
  .text.GUI_DrawPixel     ro code   0x802'4cb0         4      0x48  GUI_DrawLib.o [8]
  .text._GetWordWrap      ro code   0x802'4cf8         4      0xf0  GUI__Wrap.o [8]
  .text._FillRect         ro code   0x802'4de8         4      0xec  GUIDEV_32.o [8]
  .text._DrawVLine        ro code   0x802'4ed4         4      0xe8  GUIDEV_16.o [8]
  .text._GetDevFunc       ro code   0x802'4fbc         4      0xe8  GUIDRV_Lin_16.o [8]
  .text._DrawVLine        ro code   0x802'50a4         4      0xe4  GUIDEV_32.o [8]
  .text.BUTTON_CreateIndirect
                          ro code   0x802'5188         4      0xd4  BUTTON.o [8]
  .text._SetOrg           ro code   0x802'525c         4      0xd0  GUIDRV_Lin_16.o [8]
  .text.LCD_GetMirrorXEx  ro code   0x802'532c         4      0x20  LCD_GetEx.o [8]
  .text.LCD_GetMirrorYEx  ro code   0x802'534c         4      0x20  LCD_GetEx.o [8]
  .text.TEXT_Callback     ro code   0x802'536c         4      0xcc  TEXT.o [8]
  .text._ReadRect         ro code   0x802'5438         4      0xc8  GUIDRV_Lin_16.o [8]
  .text.GUI_USAGE_BM_GetNextDirty
                          ro code   0x802'5500         4      0xc0  GUIDEV_UsageBM.o [8]
  .text._OnTouchDefault   ro code   0x802'55c0         4      0xbc  BUTTON.o [8]
  .text._Paint            ro code   0x802'567c         4      0xb8  SCROLLBAR_Skin.o [8]
  .text._cbBackWin        ro code   0x802'5734         4      0xb0  WM.o [8]
  .text.SLIDER_CreateIndirect
                          ro code   0x802'57e4         4      0xa8  SLIDER.o [8]
  .text.TEXT_CreateIndirect
                          ro code   0x802'588c         4      0xa8  TEXT.o [8]
  .text._Paint            ro code   0x802'5934         4      0xa4  CHECKBOX_Skin.o [8]
  .text._OnExit           ro code   0x802'59d8         4      0xa0  WM.o [8]
  .text.GUI__MixColorsBulk
                          ro code   0x802'5a78         4      0x94  GUI__Alpha.o [8]
  .text._GetPixelIndex    ro code   0x802'5b0c         4      0x94  GUI_SPRITE.o [8]
  .text                   ro code   0x802'5ba0         4      0x88  stm32f7xx_it.o [7]
  .text                   ro code   0x802'5c28         4      0x18  stm32f7xx_hal.o [5]
  .text._Paint            ro code   0x802'5c40         4      0x88  BUTTON_Skin.o [8]
  .text._CopyBuffer       ro code   0x802'5cc8         4      0x84  GUIDRV_Lin_16.o [8]
  .text._XorPixel         ro code   0x802'5d4c         4      0x84  GUIDEV_16.o [8]
  .text._XorPixel         ro code   0x802'5dd0         4      0x84  GUIDEV_32.o [8]
  .rodata                 const     0x802'5e54         4      0x80  ff.o [4]
  .text.GUI_TIMER_Exec    ro code   0x802'5ed4         4      0x78  GUI_Timer.o [8]
  .text._SetPixelIndex    ro code   0x802'5f4c         4      0x78  GUIDEV_16.o [8]
  .text._SetPixelIndex    ro code   0x802'5fc4         4      0x78  GUIDEV_32.o [8]
  .rodata                 const     0x802'603c         4      0x74  GUIDEV_16.o [8]
  .rodata                 const     0x802'60b0         4      0x74  GUIDEV_32.o [8]
  .text.GUI_USAGE_BM_AddHLine
                          ro code   0x802'6124         4      0x74  GUIDEV_UsageBM.o [8]
  .text.LCD_GetpPalConvTableBM
                          ro code   0x802'6198         4      0x74  LCD_Color.o [8]
  .text._Index2ColorBulk  ro code   0x802'620c         4      0x70  GUICC_M565.o [8]
  .text._SetDevFunc       ro code   0x802'627c         4      0x70  GUIDRV_Lin_16.o [8]
  .text._cbPaintMemDev    ro code   0x802'62ec         4      0x70  WM.o [8]
  .text.WINDOW_CreateIndirect
                          ro code   0x802'635c         4      0x6c  WINDOW.o [8]
  .rodata                 const     0x802'63c8         4      0x68  CHECKBOX_Image.o [8]
  .text                   ro code   0x802'6430         4      0x60  system_stm32f7xx.o [2]
  .text._DrawBackgroundH  ro code   0x802'6490         4      0x60  SCROLLBAR_SkinFlex.o [8]
  .text._DrawBackgroundV  ro code   0x802'64f0         4      0x60  SCROLLBAR_SkinFlex.o [8]
  .text._DrawGraspH       ro code   0x802'6550         4      0x60  SCROLLBAR_SkinFlex.o [8]
  .text._DrawGraspV       ro code   0x802'65b0         4      0x60  SCROLLBAR_SkinFlex.o [8]
  .text._Color2IndexBulk  ro code   0x802'6610         4      0x5c  GUICC_M565.o [8]
  .text._SetSize          ro code   0x802'666c         4      0x5c  GUIDRV_Lin_16.o [8]
  .text.GUI__MixColors    ro code   0x802'66c8         4      0x58  GUI__Alpha.o [8]
  .text.GUI_CalcColorDist
                          ro code   0x802'6720         4      0x54  GUI_Common.o [8]
  .text._Color2Index_0    ro code   0x802'6774         4      0x54  GUICC_0.o [8]
  .text.LCD_GetNumColors  ro code   0x802'67c8         4      0x2c  LCD_GetEx.o [8]
  .text.LCD_GetPalette    ro code   0x802'67f4         4      0x20  LCD_GetEx.o [8]
  .text.GUIPROP_GetCharDistX
                          ro code   0x802'6814         4      0x4c  GUI_CharP.o [8]
  .text._GetIndexMask_0   ro code   0x802'6860         4      0x4c  GUICC_0.o [8]
  .text.LCD_AA_MixColors16
                          ro code   0x802'68ac         4      0x48  LCD_AA.o [8]
  .rodata                 const     0x802'68f4         4      0x46  GUI_DrawLine.o [8]
  .text._OnExit           ro code   0x802'693c         4      0x44  GUI_Core.o [8]
  .text._GetPixelIndex    ro code   0x802'6980         4      0x40  GUIDEV_16.o [8]
  .text._GetPixelIndex    ro code   0x802'69c0         4      0x40  GUIDEV_32.o [8]
  .text._SetAlpha         ro code   0x802'6a00         4      0x40  GUIDRV_Lin_16.o [8]
  .text._SetVRAMAddr      ro code   0x802'6a40         4      0x40  GUIDRV_Lin_16.o [8]
  .text._SetVis           ro code   0x802'6a80         4      0x40  GUIDRV_Lin_16.o [8]
  .text._DrawDown         ro code   0x802'6ac0         4      0x3c  WIDGET_Effect_Simple.o [8]
  .text._DrawUp           ro code   0x802'6afc         4      0x3c  WIDGET_Effect_Simple.o [8]
  .text._GetCharWrap      ro code   0x802'6b38         4      0x3c  GUI__Wrap.o [8]
  .text._GetDevProp       ro code   0x802'6b74         4      0x3c  GUIDRV_Lin_16.o [8]
  .text._ShowBuffer       ro code   0x802'6bb0         4      0x3c  GUIDRV_Lin_16.o [8]
  .rodata                 const     0x802'6bec         4      0x38  WindowDLG.o [1]
  .text.GUIMONO_IsInFont  ro code   0x802'6c24         4      0x38  GUI_CharM.o [8]
  .text._Create           ro code   0x802'6c5c         4      0x38  BUTTON_Skin.o [8]
  .text._Create           ro code   0x802'6c94         4      0x38  SCROLLBAR_Skin.o [8]
  .text._DrawDownRect     ro code   0x802'6ccc         4      0x38  WIDGET_Effect_Simple.o [8]
  .text._DrawUpRect       ro code   0x802'6d04         4      0x38  WIDGET_Effect_Simple.o [8]
  .text._GetRect          ro code   0x802'6d3c         4      0x38  GUIDEV_16.o [8]
  .text._GetRect          ro code   0x802'6d74         4      0x38  GUIDEV_32.o [8]
  .text._SetBkColor       ro code   0x802'6dac         4      0x38  LCD.o [8]
  .text._SetColor         ro code   0x802'6de4         4      0x38  LCD.o [8]
  .text._SetVSize         ro code   0x802'6e1c         4      0x38  GUIDRV_Lin_16.o [8]
  .text                   ro code   0x802'6e54         2      0x38  zero_init3.o [11]
  .rodata                 const     0x802'6e8c         4      0x34  GUIDRV_Lin_16.o [8]
  .rodata                 const     0x802'6ec0         4      0x34  GUI_SPRITE.o [8]
  .text.LCD_Index2Color_M565
                          ro code   0x802'6ef4         4      0x34  GUICC_M565.o [8]
  .text._GetPos           ro code   0x802'6f28         4      0x30  GUIDRV_Lin_16.o [8]
  .text._Init             ro code   0x802'6f58         4      0x30  GUIDRV_Lin_16.o [8]
  .text._SetDrawMode      ro code   0x802'6f88         4      0x30  LCD.o [8]
  .text._XorPixel         ro code   0x802'6fb8         4      0x30  GUIDRV_Lin_16.o [8]
  .text._cbTimer          ro code   0x802'6fe8         4      0x30  WM_Timer.o [8]
  .text.GUI_USAGE_BM_AddPixel
                          ro code   0x802'7018         4      0x2c  GUIDEV_UsageBM.o [8]
  .text._Color2Index_M565
                          ro code   0x802'7044         4      0x2c  GUICC_M565.o [8]
  .text._Create           ro code   0x802'7070         4      0x2c  CHECKBOX_Skin.o [8]
  .text._Create           ro code   0x802'709c         4      0x2c  HEADER_Skin.o [8]
  .text._SetVRAM_BufferPTR
                          ro code   0x802'70c8         4      0x2c  GUIDRV_Lin_16.o [8]
  .text                   ro code   0x802'70f4         4      0x2a  data_init.o [11]
  .text.CHECKBOX__GetButtonSize
                          ro code   0x802'7120         4      0x28  CHECKBOX.o [8]
  .text._Create           ro code   0x802'7148         4      0x28  SLIDER_Skin.o [8]
  .text._GetDevFunc       ro code   0x802'7170         4      0x28  GUI_SPRITE.o [8]
  .text._OnExit           ro code   0x802'7198         4      0x28  GUI__Alpha.o [8]
  .text                   ro code   0x802'71c0         4      0x22  fpinit_M.o [10]
  .iar.init_table         const     0x802'71e4         4      0x20  - Linker created -
  .text._Index2Color_0    ro code   0x802'7204         4      0x20  GUICC_0.o [8]
  .text                   ro code   0x802'7224         4      0x1e  cmain.o [11]
  .text                   ro code   0x802'7242         2       0x4  low_level_init.o [9]
  .text                   ro code   0x802'7246         2       0x4  exit.o [9]
  .text                   ro code   0x802'724c         4       0xa  cexit.o [11]
  .text                   ro code   0x802'7258         4      0x14  exit.o [12]
  .rodata                 const     0x802'726c         4      0x1c  WindowDLG.o [1]
  .rodata                 const     0x802'7288         4      0x1c  WIDGET_Effect_Simple.o [8]
  .text                   ro code   0x802'72a4         4      0x1c  cstartup_M.o [11]
  .text.GUIPROP_IsInFont  ro code   0x802'72c0         4      0x1c  GUI_CharP.o [8]
  .text._OnExit           ro code   0x802'72dc         4      0x1c  LCD_Color.o [8]
  .rodata                 const     0x802'72f8         4      0x18  GUICC_M565.o [8]
  .rodata                 const     0x802'7310         4      0x18  GUICC_0.o [8]
  .rodata                 const     0x802'7328         4      0x18  GUICC_M8888I.o [8]
  .rodata                 const     0x802'7340         4      0x18  GUIDEV_UsageBM.o [8]
  .text.GUIMONO_GetCharDistX
                          ro code   0x802'7358         4      0x18  GUI_CharM.o [8]
  .text._GetDevProp       ro code   0x802'7370         4      0x18  GUIDEV_16.o [8]
  .text._GetRect          ro code   0x802'7388         4      0x18  GUIDRV_Lin_16.o [8]
  .text._OnExit           ro code   0x802'73a0         4      0x18  GUI_PID.o [8]
  .text._OnExit           ro code   0x802'73b8         4      0x18  GUI_Cursor.o [8]
  .text._SetAlphaMode     ro code   0x802'73d0         4      0x18  GUIDRV_Lin_16.o [8]
  .text._SetChroma        ro code   0x802'73e8         4      0x18  GUIDRV_Lin_16.o [8]
  .text._SetChromaMode    ro code   0x802'7400         4      0x18  GUIDRV_Lin_16.o [8]
  .text._SetPixelIndex    ro code   0x802'7418         4      0x18  GUIDRV_Lin_16.o [8]
  .rodata                 const     0x802'7430         4      0x17  GUI_Core.o [8]
  .rodata                 const     0x802'7448         4      0x14  sd_diskio.o [7]
  .text.GUI_USAGE_BM_Clear
                          ro code   0x802'745c         4      0x14  GUIDEV_UsageBM.o [8]
  .text._Color2IndexBulk_M8888I
                          ro code   0x802'7470         4      0x14  GUICC_M8888I.o [8]
  .text._DrawVLine        ro code   0x802'7484         4      0x14  GUIDRV_Lin_16.o [8]
  .text._Index2ColorBulk_M8888I
                          ro code   0x802'7498         4      0x14  GUICC_M8888I.o [8]
  .rodata                 const     0x802'74ac         4      0x10  ff.o [4]
  .rodata                 const     0x802'74bc         4      0x10  system_stm32f7xx.o [2]
  .rodata                 const     0x802'74cc         4      0x10  GUI_UC_EncodeNone.o [8]
  .rodata                 const     0x802'74dc         4      0x10  BUTTON_SkinFlex.o [8]
  .text                   ro code   0x802'74ec         4      0x10  startup_stm32f746xx.o [3]
  .text._DrawHLine        ro code   0x802'74fc         4      0x10  GUIDRV_Lin_16.o [8]
  .text._DrawHLine        ro code   0x802'750c         4      0x10  GUIDEV_16.o [8]
  .text._DrawHLine        ro code   0x802'751c         4      0x10  GUIDEV_32.o [8]
  .text._GetDevData       ro code   0x802'752c         4      0x10  GUIDRV_Lin_16.o [8]
  .text._GetDevData       ro code   0x802'753c         4      0x10  GUIDEV_16.o [8]
  .text._GetDevData       ro code   0x802'754c         4      0x10  GUIDEV_32.o [8]
  .text._GetDevFunc       ro code   0x802'755c         4      0x10  GUIDEV_16.o [8]
  .text._GetDevFunc       ro code   0x802'756c         4      0x10  GUIDEV_32.o [8]
  .text._GetPixelIndex    ro code   0x802'757c         4      0x10  GUIDRV_Lin_16.o [8]
  .text._OnExit           ro code   0x802'758c         4      0x10  GUI_Timer.o [8]
  .rodata                 const     0x802'759c         4       0xc  main.o [7]
  .rodata                 const     0x802'75a8         4       0xc  WindowDLG.o [1]
  .rodata                 const     0x802'75b4         4       0xc  WindowDLG.o [1]
  .rodata                 const     0x802'75c0         4       0xc  LCD.o [8]
  .text._GetDevProp       ro code   0x802'75cc         4       0xc  GUIDEV_32.o [8]
  .text._GetDevProp       ro code   0x802'75d8         4       0xc  GUI_SPRITE.o [8]
  .text._GetRect          ro code   0x802'75e4         4       0xc  GUI_SPRITE.o [8]
  .text._Off              ro code   0x802'75f0         4       0xc  GUIDRV_Lin_16.o [8]
  .text._On               ro code   0x802'75fc         4       0xc  GUIDRV_Lin_16.o [8]
  .text._SetOrg           ro code   0x802'7608         4       0xc  GUIDEV_16.o [8]
  .text._SetOrg           ro code   0x802'7614         4       0xc  GUI_SPRITE.o [8]
  .rodata                 const     0x802'7620         4       0x8  stm32f7xx_hal_dma.o [5]
  .rodata                 const     0x802'7628         4       0x8  system_stm32f7xx.o [2]
  .rodata                 const     0x802'7630         4       0x8  WindowDLG.o [1]
  .rodata                 const     0x802'7638         4       0x8  WindowDLG.o [1]
  .rodata                 const     0x802'7640         4       0x8  WindowDLG.o [1]
  .rodata                 const     0x802'7648         4       0x8  WindowDLG.o [1]
  .rodata                 const     0x802'7650         4       0x8  WindowDLG.o [1]
  .rodata                 const     0x802'7658         4       0x8  CHECKBOX_SkinFlex.o [8]
  .text.GUIMONO_GetFontInfo
                          ro code   0x802'7660         4       0x8  GUI_CharM.o [8]
  .text.GUIPROP_GetFontInfo
                          ro code   0x802'7668         4       0x8  GUI_CharP.o [8]
  .text.LCD_Index2Color_M888
                          ro code   0x802'7670         4       0x8  GUICC_M888_Index2Color.o [8]
  .text._Encode           ro code   0x802'7678         4       0x8  GUI_UC_EncodeNone.o [8]
  .text._GetIndexMask_M565
                          ro code   0x802'7680         4       0x8  GUICC_M565.o [8]
  .text._GetIndexMask_M8888I
                          ro code   0x802'7688         4       0x8  GUICC_M8888I.o [8]
  .text._SetOrg           ro code   0x802'7690         4       0x8  GUIDEV_32.o [8]
  .rodata                 const     0x802'7698         4       0x4  WindowDLG.o [1]
  .text                   ro code   0x802'769c         2       0x4  startup_stm32f746xx.o [3]
  .text                   ro code   0x802'76a0         2       0x4  startup_stm32f746xx.o [3]
  .text                   ro code   0x802'76a4         2       0x4  startup_stm32f746xx.o [3]
  .text                   ro code   0x802'76a8         2       0x4  startup_stm32f746xx.o [3]
  .text                   ro code   0x802'76ac         2       0x4  startup_stm32f746xx.o [3]
  .text                   ro code   0x802'76b0         2       0x4  startup_stm32f746xx.o [3]
  .text                   ro code   0x802'76b4         2       0x4  startup_stm32f746xx.o [3]
  .text                   ro code   0x802'76b8         2       0x4  startup_stm32f746xx.o [3]
  .text                   ro code   0x802'76bc         2       0x4  startup_stm32f746xx.o [3]
  .text                   ro code   0x802'76c0         2       0x4  startup_stm32f746xx.o [3]
  .text                   ro code   0x802'76c4         2       0x4  startup_stm32f746xx.o [3]
  .text                   ro code   0x802'76c8         2       0x4  startup_stm32f746xx.o [3]
  .text                   ro code   0x802'76cc         2       0x4  startup_stm32f746xx.o [3]
  .text                   ro code   0x802'76d0         2       0x4  startup_stm32f746xx.o [3]
  .text                   ro code   0x802'76d4         2       0x4  startup_stm32f746xx.o [3]
  .text                   ro code   0x802'76d8         2       0x4  startup_stm32f746xx.o [3]
  .text                   ro code   0x802'76dc         2       0x4  startup_stm32f746xx.o [3]
  .text                   ro code   0x802'76e0         2       0x4  startup_stm32f746xx.o [3]
  .text                   ro code   0x802'76e4         2       0x4  startup_stm32f746xx.o [3]
  .text                   ro code   0x802'76e8         2       0x4  startup_stm32f746xx.o [3]
  .text                   ro code   0x802'76ec         2       0x4  startup_stm32f746xx.o [3]
  .text                   ro code   0x802'76f0         2       0x4  startup_stm32f746xx.o [3]
  .text                   ro code   0x802'76f4         2       0x4  startup_stm32f746xx.o [3]
  .text                   ro code   0x802'76f8         2       0x4  startup_stm32f746xx.o [3]
  .text                   ro code   0x802'76fc         2       0x4  startup_stm32f746xx.o [3]
  .text                   ro code   0x802'7700         2       0x4  startup_stm32f746xx.o [3]
  .text                   ro code   0x802'7704         2       0x4  startup_stm32f746xx.o [3]
  .text                   ro code   0x802'7708         2       0x4  startup_stm32f746xx.o [3]
  .text                   ro code   0x802'770c         2       0x4  startup_stm32f746xx.o [3]
  .text                   ro code   0x802'7710         2       0x4  startup_stm32f746xx.o [3]
  .text                   ro code   0x802'7714         2       0x4  startup_stm32f746xx.o [3]
  .text                   ro code   0x802'7718         2       0x4  startup_stm32f746xx.o [3]
  .text                   ro code   0x802'771c         2       0x4  startup_stm32f746xx.o [3]
  .text                   ro code   0x802'7720         2       0x4  startup_stm32f746xx.o [3]
  .text                   ro code   0x802'7724         2       0x4  startup_stm32f746xx.o [3]
  .text                   ro code   0x802'7728         2       0x4  startup_stm32f746xx.o [3]
  .text                   ro code   0x802'772c         2       0x4  startup_stm32f746xx.o [3]
  .text                   ro code   0x802'7730         2       0x4  startup_stm32f746xx.o [3]
  .text                   ro code   0x802'7734         2       0x4  startup_stm32f746xx.o [3]
  .text                   ro code   0x802'7738         2       0x4  startup_stm32f746xx.o [3]
  .text                   ro code   0x802'773c         2       0x4  startup_stm32f746xx.o [3]
  .text                   ro code   0x802'7740         2       0x4  startup_stm32f746xx.o [3]
  .text                   ro code   0x802'7744         2       0x4  startup_stm32f746xx.o [3]
  .text                   ro code   0x802'7748         2       0x4  startup_stm32f746xx.o [3]
  .text                   ro code   0x802'774c         2       0x4  startup_stm32f746xx.o [3]
  .text                   ro code   0x802'7750         2       0x4  startup_stm32f746xx.o [3]
  .text                   ro code   0x802'7754         2       0x4  startup_stm32f746xx.o [3]
  .text                   ro code   0x802'7758         2       0x4  startup_stm32f746xx.o [3]
  .text                   ro code   0x802'775c         2       0x4  startup_stm32f746xx.o [3]
  .text                   ro code   0x802'7760         2       0x4  startup_stm32f746xx.o [3]
  .text                   ro code   0x802'7764         2       0x4  startup_stm32f746xx.o [3]
  .text                   ro code   0x802'7768         2       0x4  startup_stm32f746xx.o [3]
  .text                   ro code   0x802'776c         2       0x4  startup_stm32f746xx.o [3]
  .text                   ro code   0x802'7770         2       0x4  startup_stm32f746xx.o [3]
  .text                   ro code   0x802'7774         2       0x4  startup_stm32f746xx.o [3]
  .text                   ro code   0x802'7778         2       0x4  startup_stm32f746xx.o [3]
  .text                   ro code   0x802'777c         2       0x4  startup_stm32f746xx.o [3]
  .text                   ro code   0x802'7780         2       0x4  startup_stm32f746xx.o [3]
  .text                   ro code   0x802'7784         2       0x4  startup_stm32f746xx.o [3]
[...]
acFont13ASCII_003A       0x801'9420     0xd  Data  Lc  F13_ASCII.o [8]
acFont13ASCII_003B       0x801'9410     0xd  Data  Lc  F13_ASCII.o [8]
acFont13ASCII_003C       0x801'9400     0xd  Data  Lc  F13_ASCII.o [8]
acFont13ASCII_003D       0x801'93f0     0xd  Data  Lc  F13_ASCII.o [8]
acFont13ASCII_003E       0x801'93e0     0xd  Data  Lc  F13_ASCII.o [8]
acFont13ASCII_003F       0x801'93d0     0xd  Data  Lc  F13_ASCII.o [8]
acFont13ASCII_0040       0x801'93b4    0x1a  Data  Lc  F13_ASCII.o [8]
acFont13ASCII_0041       0x801'93a4     0xd  Data  Lc  F13_ASCII.o [8]
acFont13ASCII_0042       0x801'9394     0xd  Data  Lc  F13_ASCII.o [8]
acFont13ASCII_0043       0x801'9384     0xd  Data  Lc  F13_ASCII.o [8]
acFont13ASCII_0044       0x801'9374     0xd  Data  Lc  F13_ASCII.o [8]
acFont13ASCII_0045       0x801'9364     0xd  Data  Lc  F13_ASCII.o [8]
acFont13ASCII_0046       0x801'9354     0xd  Data  Lc  F13_ASCII.o [8]
acFont13ASCII_0047       0x801'9344     0xd  Data  Lc  F13_ASCII.o [8]
acFont13ASCII_0048       0x801'9334     0xd  Data  Lc  F13_ASCII.o [8]
acFont13ASCII_0049       0x801'9324     0xd  Data  Lc  F13_ASCII.o [8]
acFont13ASCII_004A       0x801'9314     0xd  Data  Lc  F13_ASCII.o [8]
acFont13ASCII_004B       0x801'9304     0xd  Data  Lc  F13_ASCII.o [8]
acFont13ASCII_004C       0x801'92f4     0xd  Data  Lc  F13_ASCII.o [8]
acFont13ASCII_004D       0x801'92e4     0xd  Data  Lc  F13_ASCII.o [8]
acFont13ASCII_004E       0x801'92d4     0xd  Data  Lc  F13_ASCII.o [8]
acFont13ASCII_004F       0x801'92c4     0xd  Data  Lc  F13_ASCII.o [8]
acFont13ASCII_0050       0x801'92b4     0xd  Data  Lc  F13_ASCII.o [8]
acFont13ASCII_0051       0x801'92a4     0xd  Data  Lc  F13_ASCII.o [8]
acFont13ASCII_0052       0x801'9294     0xd  Data  Lc  F13_ASCII.o [8]
acFont13ASCII_0053       0x801'9284     0xd  Data  Lc  F13_ASCII.o [8]
acFont13ASCII_0054       0x801'9274     0xd  Data  Lc  F13_ASCII.o [8]
acFont13ASCII_0055       0x801'9264     0xd  Data  Lc  F13_ASCII.o [8]
acFont13ASCII_0056       0x801'9254     0xd  Data  Lc  F13_ASCII.o [8]
acFont13ASCII_0057       0x801'9238    0x1a  Data  Lc  F13_ASCII.o [8]
acFont13ASCII_0058       0x801'9228     0xd  Data  Lc  F13_ASCII.o [8]
acFont13ASCII_0059       0x801'9218     0xd  Data  Lc  F13_ASCII.o [8]
acFont13ASCII_005A       0x801'9208     0xd  Data  Lc  F13_ASCII.o [8]
acFont13ASCII_005B       0x801'91f8     0xd  Data  Lc  F13_ASCII.o [8]
acFont13ASCII_005C       0x801'91e8     0xd  Data  Lc  F13_ASCII.o [8]
acFont13ASCII_005D       0x801'91d8     0xd  Data  Lc  F13_ASCII.o [8]
acFont13ASCII_005E       0x801'91c8     0xd  Data  Lc  F13_ASCII.o [8]
acFont13ASCII_005F       0x801'91b8     0xd  Data  Lc  F13_ASCII.o [8]
acFont13ASCII_0060       0x801'91a8     0xd  Data  Lc  F13_ASCII.o [8]
acFont13ASCII_0061       0x801'9198     0xd  Data  Lc  F13_ASCII.o [8]
acFont13ASCII_0062       0x801'9188     0xd  Data  Lc  F13_ASCII.o [8]
acFont13ASCII_0063       0x801'9178     0xd  Data  Lc  F13_ASCII.o [8]
acFont13ASCII_0064       0x801'9168     0xd  Data  Lc  F13_ASCII.o [8]
acFont13ASCII_0065       0x801'9158     0xd  Data  Lc  F13_ASCII.o [8]
acFont13ASCII_0066       0x801'9148     0xd  Data  Lc  F13_ASCII.o [8]
acFont13ASCII_0067       0x801'9138     0xd  Data  Lc  F13_ASCII.o [8]
acFont13ASCII_0068       0x801'9128     0xd  Data  Lc  F13_ASCII.o [8]
acFont13ASCII_0069       0x801'9118     0xd  Data  Lc  F13_ASCII.o [8]
acFont13ASCII_006A       0x801'9108     0xd  Data  Lc  F13_ASCII.o [8]
acFont13ASCII_006B       0x801'90f8     0xd  Data  Lc  F13_ASCII.o [8]
acFont13ASCII_006C       0x801'90e8     0xd  Data  Lc  F13_ASCII.o [8]
acFont13ASCII_006D       0x801'90d8     0xd  Data  Lc  F13_ASCII.o [8]
acFont13ASCII_006E       0x801'90c8     0xd  Data  Lc  F13_ASCII.o [8]
acFont13ASCII_006F       0x801'90b8     0xd  Data  Lc  F13_ASCII.o [8]
acFont13ASCII_0070       0x801'90a8     0xd  Data  Lc  F13_ASCII.o [8]
acFont13ASCII_0071       0x801'9098     0xd  Data  Lc  F13_ASCII.o [8]
acFont13ASCII_0072       0x801'9088     0xd  Data  Lc  F13_ASCII.o [8]
acFont13ASCII_0073       0x801'9078     0xd  Data  Lc  F13_ASCII.o [8]
acFont13ASCII_0074       0x801'9068     0xd  Data  Lc  F13_ASCII.o [8]
acFont13ASCII_0075       0x801'9058     0xd  Data  Lc  F13_ASCII.o [8]
acFont13ASCII_0076       0x801'9048     0xd  Data  Lc  F13_ASCII.o [8]
acFont13ASCII_0077       0x801'9038     0xd  Data  Lc  F13_ASCII.o [8]
acFont13ASCII_0078       0x801'9028     0xd  Data  Lc  F13_ASCII.o [8]
acFont13ASCII_0079       0x801'9018     0xd  Data  Lc  F13_ASCII.o [8]
acFont13ASCII_007A       0x801'9008     0xd  Data  Lc  F13_ASCII.o [8]
acFont13ASCII_007B       0x801'8ff8     0xd  Data  Lc  F13_ASCII.o [8]
acFont13ASCII_007C       0x801'8fe8     0xd  Data  Lc  F13_ASCII.o [8]
acFont13ASCII_007D       0x801'8fd8     0xd  Data  Lc  F13_ASCII.o [8]
acFont13ASCII_007E       0x801'8fc8     0xd  Data  Lc  F13_ASCII.o [8]
acFont13_1_00A0          0x801'8c90     0xd  Data  Lc  F13_1.o [8]
acFont13_1_00A1          0x801'8c80     0xd  Data  Lc  F13_1.o [8]
acFont13_1_00A2          0x801'8c70     0xd  Data  Lc  F13_1.o [8]
acFont13_1_00A3          0x801'8c60     0xd  Data  Lc  F13_1.o [8]
acFont13_1_00A4          0x801'8c50     0xd  Data  Lc  F13_1.o [8]
acFont13_1_00A5          0x801'8c40     0xd  Data  Lc  F13_1.o [8]
acFont13_1_00A6          0x801'8c30     0xd  Data  Lc  F13_1.o [8]
acFont13_1_00A7          0x801'8c20     0xd  Data  Lc  F13_1.o [8]
acFont13_1_00A8          0x801'8c10     0xd  Data  Lc  F13_1.o [8]
acFont13_1_00A9          0x801'8bf4    0x1a  Data  Lc  F13_1.o [8]
acFont13_1_00AA          0x801'8be4     0xd  Data  Lc  F13_1.o [8]
acFont13_1_00AB          0x801'8bd4     0xd  Data  Lc  F13_1.o [8]
acFont13_1_00AC          0x801'8bc4     0xd  Data  Lc  F13_1.o [8]
acFont13_1_00AD          0x801'8bb4     0xd  Data  Lc  F13_1.o [8]
acFont13_1_00AE          0x801'8b98    0x1a  Data  Lc  F13_1.o [8]
acFont13_1_00AF          0x801'8b88     0xd  Data  Lc  F13_1.o [8]
acFont13_1_00B0          0x801'8b78     0xd  Data  Lc  F13_1.o [8]
acFont13_1_00B1          0x801'8b68     0xd  Data  Lc  F13_1.o [8]
acFont13_1_00B2          0x801'8b58     0xd  Data  Lc  F13_1.o [8]
acFont13_1_00B3          0x801'8b48     0xd  Data  Lc  F13_1.o [8]
acFont13_1_00B4          0x801'8b38     0xd  Data  Lc  F13_1.o [8]
acFont13_1_00B5          0x801'8b28     0xd  Data  Lc  F13_1.o [8]
acFont13_1_00B6          0x801'8b18     0xd  Data  Lc  F13_1.o [8]
acFont13_1_00B7          0x801'8b08     0xd  Data  Lc  F13_1.o [8]
acFont13_1_00B8          0x801'8af8     0xd  Data  Lc  F13_1.o [8]
acFont13_1_00B9          0x801'8ae8     0xd  Data  Lc  F13_1.o [8]
acFont13_1_00BA          0x801'8ad8     0xd  Data  Lc  F13_1.o [8]
acFont13_1_00BB          0x801'8ac8     0xd  Data  Lc  F13_1.o [8]
acFont13_1_00BC          0x801'8aac    0x1a  Data  Lc  F13_1.o [8]
acFont13_1_00BD          0x801'8a90    0x1a  Data  Lc  F13_1.o [8]
acFont13_1_00BE          0x801'8a74    0x1a  Data  Lc  F13_1.o [8]
acFont13_1_00BF          0x801'8a64     0xd  Data  Lc  F13_1.o [8]
acFont13_1_00C0          0x801'8a54     0xd  Data  Lc  F13_1.o [8]
acFont13_1_00C1          0x801'8a44     0xd  Data  Lc  F13_1.o [8]
acFont13_1_00C2          0x801'8a34     0xd  Data  Lc  F13_1.o [8]
acFont13_1_00C3          0x801'8a24     0xd  Data  Lc  F13_1.o [8]
acFont13_1_00C4          0x801'8a14     0xd  Data  Lc  F13_1.o [8]
acFont13_1_00C5          0x801'8a04     0xd  Data  Lc  F13_1.o [8]
acFont13_1_00C6          0x801'89e8    0x1a  Data  Lc  F13_1.o [8]
acFont13_1_00C7          0x801'89d8     0xd  Data  Lc  F13_1.o [8]
acFont13_1_00C8          0x801'89c8     0xd  Data  Lc  F13_1.o [8]
acFont13_1_00C9          0x801'89b8     0xd  Data  Lc  F13_1.o [8]
acFont13_1_00CA          0x801'89a8     0xd  Data  Lc  F13_1.o [8]
acFont13_1_00CB          0x801'8998     0xd  Data  Lc  F13_1.o [8]
acFont13_1_00CC          0x801'8988     0xd  Data  Lc  F13_1.o [8]
acFont13_1_00CD          0x801'8978     0xd  Data  Lc  F13_1.o [8]
acFont13_1_00CE          0x801'8968     0xd  Data  Lc  F13_1.o [8]
acFont13_1_00CF          0x801'8958     0xd  Data  Lc  F13_1.o [8]
acFont13_1_00D0          0x801'8948     0xd  Data  Lc  F13_1.o [8]
acFont13_1_00D1          0x801'8938     0xd  Data  Lc  F13_1.o [8]
acFont13_1_00D2          0x801'8928     0xd  Data  Lc  F13_1.o [8]
acFont13_1_00D3          0x801'8918     0xd  Data  Lc  F13_1.o [8]
acFont13_1_00D4          0x801'8908     0xd  Data  Lc  F13_1.o [8]
acFont13_1_00D5          0x801'88f8     0xd  Data  Lc  F13_1.o [8]
acFont13_1_00D6          0x801'88e8     0xd  Data  Lc  F13_1.o [8]
acFont13_1_00D7          0x801'88d8     0xd  Data  Lc  F13_1.o [8]
acFont13_1_00D8          0x801'88c8     0xd  Data  Lc  F13_1.o [8]
acFont13_1_00D9          0x801'88b8     0xd  Data  Lc  F13_1.o [8]
acFont13_1_00DA          0x801'88a8     0xd  Data  Lc  F13_1.o [8]
acFont13_1_00DB          0x801'8898     0xd  Data  Lc  F13_1.o [8]
acFont13_1_00DC          0x801'8888     0xd  Data  Lc  F13_1.o [8]
acFont13_1_00DD          0x801'8878     0xd  Data  Lc  F13_1.o [8]
acFont13_1_00DE          0x801'8868     0xd  Data  Lc  F13_1.o [8]
acFont13_1_00DF          0x801'8858     0xd  Data  Lc  F13_1.o [8]
acFont13_1_00E0          0x801'8848     0xd  Data  Lc  F13_1.o [8]
acFont13_1_00E1          0x801'8838     0xd  Data  Lc  F13_1.o [8]
acFont13_1_00E2          0x801'8828     0xd  Data  Lc  F13_1.o [8]
acFont13_1_00E3          0x801'8818     0xd  Data  Lc  F13_1.o [8]
acFont13_1_00E4          0x801'8808     0xd  Data  Lc  F13_1.o [8]
acFont13_1_00E5          0x801'87f8     0xd  Data  Lc  F13_1.o [8]
acFont13_1_00E6          0x801'87dc    0x1a  Data  Lc  F13_1.o [8]
acFont13_1_00E7          0x801'87cc     0xd  Data  Lc  F13_1.o [8]
acFont13_1_00E8          0x801'87bc     0xd  Data  Lc  F13_1.o [8]
acFont13_1_00E9          0x801'87ac     0xd  Data  Lc  F13_1.o [8]
acFont13_1_00EA          0x801'879c     0xd  Data  Lc  F13_1.o [8]
acFont13_1_00EB          0x801'878c     0xd  Data  Lc  F13_1.o [8]
acFont13_1_00EC          0x801'877c     0xd  Data  Lc  F13_1.o [8]
acFont13_1_00ED          0x801'876c     0xd  Data  Lc  F13_1.o [8]
acFont13_1_00EE          0x801'875c     0xd  Data  Lc  F13_1.o [8]
acFont13_1_00EF          0x801'874c     0xd  Data  Lc  F13_1.o [8]
acFont13_1_00F0          0x801'873c     0xd  Data  Lc  F13_1.o [8]
acFont13_1_00F1          0x801'872c     0xd  Data  Lc  F13_1.o [8]
acFont13_1_00F2          0x801'871c     0xd  Data  Lc  F13_1.o [8]
acFont13_1_00F3          0x801'870c     0xd  Data  Lc  F13_1.o [8]
acFont13_1_00F4          0x801'86fc     0xd  Data  Lc  F13_1.o [8]
acFont13_1_00F5          0x801'86ec     0xd  Data  Lc  F13_1.o [8]
acFont13_1_00F6          0x801'86dc     0xd  Data  Lc  F13_1.o [8]
acFont13_1_00F7          0x801'86cc     0xd  Data  Lc  F13_1.o [8]
acFont13_1_00F8          0x801'86bc     0xd  Data  Lc  F13_1.o [8]
acFont13_1_00F9          0x801'86ac     0xd  Data  Lc  F13_1.o [8]
acFont13_1_00FA          0x801'869c     0xd  Data  Lc  F13_1.o [8]
acFont13_1_00FB          0x801'868c     0xd  Data  Lc  F13_1.o [8]
acFont13_1_00FC          0x801'867c     0xd  Data  Lc  F13_1.o [8]
acFont13_1_00FD          0x801'866c     0xd  Data  Lc  F13_1.o [8]
acFont13_1_00FE          0x801'865c     0xd  Data  Lc  F13_1.o [8]
acFont13_1_00FF          0x801'864c     0xd  Data  Lc  F13_1.o [8]
after_diff              0x2000'9b48    0x44  Data  ??  main.o [7]
apColorConvAPI          0x2000'0040     0x4  Data  Lc  STemwin_wrapper.o [7]
audio_drv               0x2000'9ef4     0x4  Data  ??  stm32746g_discovery_audio.o [7]
audio_output_0          0x2000'4c08  0x2000  Data  Lc  main.o [7]
audio_output_1          0x2000'6c08  0x2000  Data  Lc  main.o [7]
audio_output_start      0x2000'2c08  0x2000  Data  Lc  main.o [7]
checkTouch               0x800'5c5d    0x7e  Code  ??  main.o [7]
check_fs                 0x800'0ebb    0x7c  Code  Lc  ff.o [4]
chk_chr                  0x800'0263    0x14  Code  Lc  ff.o [4]
chk_lock                 0x800'0277    0x76  Code  Lc  ff.o [4]
clear_lock               0x800'0405    0x20  Code  Lc  ff.o [4]
clmt_clust               0x800'0935    0x3a  Code  Lc  ff.o [4]
clust2sect               0x800'055d    0x1c  Code  Lc  ff.o [4]
create_chain             0x800'0835   0x100  Code  Lc  ff.o [4]
create_name              0x800'0ccd    0xf8  Code  Lc  ff.o [4]
dec_lock                 0x800'03b9    0x4c  Code  Lc  ff.o [4]
diff_code                0x800'5d4f    0x1c  Code  ??  main.o [7]
dir_alloc                0x800'0b3d    0x76  Code  Lc  ff.o [4]
dir_find                 0x800'0c05    0x7e  Code  Lc  ff.o [4]
dir_next                 0x800'0a23   0x11a  Code  Lc  ff.o [4]
dir_register             0x800'0c83    0x4a  Code  Lc  ff.o [4]
dir_sdi                  0x800'096f    0xb4  Code  Lc  ff.o [4]
disk                    0x2000'9e4c     0xc  Data  ??  ff_gen_drv.o [4]
disk_initialize          0x800'195d    0x38  Code  ??  diskio.o [4]
disk_ioctl               0x800'19fd    0x2a  Code  ??  diskio.o [4]
disk_read                0x800'1995    0x34  Code  ??  diskio.o [4]
disk_status              0x800'193d    0x20  Code  ??  diskio.o [4]
disk_write               0x800'19c9    0x34  Code  ??  diskio.o [4]
emWin_LCD_Init           0x800'c545   0x110  Code  ??  LCD.o [8]
enq_lock                 0x800'02ed    0x20  Code  Lc  ff.o [4]
exit                     0x802'7247     0x4  Code  ??  exit.o [9]
extMem                  0x2000'0408  0x2800  Data  Lc  GUIConf.o [7]
f_close                  0x800'187f    0x40  Code  ??  ff.o [4]
f_mount                  0x800'12b5    0x60  Code  ??  ff.o [4]
f_open                   0x800'1335   0x288  Code  ??  ff.o [4]
f_read                   0x800'15bd   0x218  Code  ??  ff.o [4]
f_sync                   0x800'17d5    0xaa  Code  ??  ff.o [4]
find_volume              0x800'0f41   0x32a  Code  Lc  ff.o [4]
follow_path              0x800'0dc5    0xaa  Code  Lc  ff.o [4]
frequency               0x2000'0030    0x10  Data  ??  main.o [7]
get_fat                  0x800'0579    0xe8  Code  Lc  ff.o [4]
get_fattime              0x800'1a49     0x4  Code  ??  fatfs.o [7]
get_ldnumber             0x800'0e6f    0x4c  Code  Lc  ff.o [4]
hI2cAudioHandler        0x2000'9a6c    0x4c  Data  Lc  stm32746g_discovery.o [7]
haudio_in_sai           0x2000'9684    0x84  Data  ??  stm32746g_discovery_audio.o [7]
haudio_out_sai          0x2000'9600    0x84  Data  ??  stm32746g_discovery_audio.o [7]
hcrc                    0x2000'9d08    0x24  Data  ??  main.o [7]
hdma_sai2_a             0x2000'9788    0x60  Data  ??  main.o [7]
hdma_sai2_b             0x2000'97e8    0x60  Data  ??  main.o [7]
hdma_sdmmc1_rx          0x2000'9848    0x60  Data  ??  main.o [7]
hdma_sdmmc1_tx          0x2000'98a8    0x60  Data  ??  main.o [7]
hi2c3                   0x2000'9a20    0x4c  Data  ??  main.o [7]
hltdc                   0x2000'9328    0xa8  Data  ??  HW_Init.o [7]
hsai_BlockA2            0x2000'9474    0x84  Data  ??  main.o [7]
hsai_BlockB2            0x2000'94f8    0x84  Data  ??  main.o [7]
hsd1                    0x2000'957c    0x84  Data  ??  main.o [7]
hsdram1                 0x2000'9c4c    0x34  Data  ??  HW_Init.o [7]
htim2                   0x2000'9b8c    0x40  Data  ??  main.o [7]
htim3                   0x2000'9bcc    0x40  Data  ??  main.o [7]
htim4                   0x2000'9c0c    0x40  Data  ??  main.o [7]
huart1                  0x2000'9708    0x80  Data  ??  main.o [7]
iWin.10679              0x2000'9cdc     0x4  Data  Lc  WM.o [8]
inc_lock                 0x800'030d    0xac  Code  Lc  ff.o [4]
inputEnabled            0x2000'9f04     0x4  Data  Lc  wm8994.o [7]
layer_prop              0x2000'9d6c    0x1c  Data  Lc  STemwin_wrapper.o [7]
ld_clust                 0x800'0bb3    0x28  Code  Lc  ff.o [4]
ld_dword                 0x800'01d7    0x18  Code  Lc  ff.o [4]
ld_word                  0x800'01c9     0xe  Code  Lc  ff.o [4]
main                     0x800'5dd5   0x336  Code  ??  main.o [7]
mem_cmp                  0x800'023f    0x24  Code  Lc  ff.o [4]
mem_cpy                  0x800'0215    0x1c  Code  Lc  ff.o [4]
mem_set                  0x800'0231     0xe  Code  Lc  ff.o [4]
memcmp                   0x800'bc2d          Code  ??  memcmp.o [11]
memcpy                   0x800'eec9     0xc  Code  ??  memcpy.o [11]
memmove                  0x800'f705     0xc  Code  ??  memmove.o [11]
memset                   0x802'3aad    0x14  Code  ??  memset.o [11]
move_window              0x800'047f    0x42  Code  Lc  ff.o [4]
music                   0x2000'9c80    0x30  Data  ??  main.o [7]
music_index             0x2000'9f89     0x1  Data  ??  main.o [7]
outputEnabled           0x2000'9f00     0x4  Data  Lc  wm8994.o [7]
put_fat                  0x800'0661   0x124  Code  Lc  ff.o [4]
remove_chain             0x800'0785    0xb0  Code  Lc  ff.o [4]
retSD                   0x2000'9f88     0x1  Data  ??  fatfs.o [7]
scratch                 0x2000'9068   0x200  Data  Lc  sd_diskio.o [7]
send                     0x800'5d6b    0x68  Code  ??  main.o [7]
send_flag               0x2000'9f8a     0x1  Data  ??  main.o [7]
sin                      0x800'a4a9     0x4  Code  ??  cos_sin64.o [10]
sinl                     0x800'a4a9     0x4  Code  ??  cos_sin64.o [10]
sound                   0x2000'0020    0x10  Data  ??  main.o [7]
st_clust                 0x800'0bdb    0x2a  Code  Lc  ff.o [4]
st_dword                 0x800'01fd    0x18  Code  Lc  ff.o [4]
st_word                  0x800'01ef     0xe  Code  Lc  ff.o [4]
state                   0x2000'9dd4    0x14  Data  ??  main.o [7]
strlen                   0x801'0235          Code  ??  strlen.o [11]
sync_fs                  0x800'04c1    0x96  Code  Lc  ff.o [4]
sync_window              0x800'0425    0x5a  Code  Lc  ff.o [4]
testdatabase            0x2000'9b04    0x44  Data  ??  main.o [7]
uwTick                  0x2000'9ef8     0x4  Data  ??  stm32f7xx_hal.o [5]
uwTickFreq              0x2000'0405     0x1  Data  ??  stm32f7xx_hal.o [5]
uwTickPrio              0x2000'0044     0x4  Data  ??  stm32f7xx_hal.o [5]
validate                 0x800'126b    0x4a  Code  Lc  ff.o [4]
wm8994_DeInit            0x800'3939     0x8  Code  ??  wm8994.o [7]
wm8994_Init              0x800'2f4d   0x9ec  Code  ??  wm8994.o [7]
wm8994_Pause             0x800'396d    0x26  Code  ??  wm8994.o [7]
wm8994_Play              0x800'3955    0x18  Code  ??  wm8994.o [7]
wm8994_ReadID            0x800'3941    0x14  Code  ??  wm8994.o [7]
wm8994_Reset             0x800'3ee5    0x20  Code  ??  wm8994.o [7]
wm8994_Resume            0x800'3993    0x14  Code  ??  wm8994.o [7]
wm8994_SetFrequency      0x800'3ded    0xf8  Code  ??  wm8994.o [7]
wm8994_SetMute           0x800'3bef    0x6a  Code  ??  wm8994.o [7]
wm8994_SetOutputMode     0x800'3c5d   0x190  Code  ??  wm8994.o [7]
wm8994_SetVolume         0x800'3a3f   0x1b0  Code  ??  wm8994.o [7]
wm8994_Stop              0x800'39a7    0x98  Code  ??  wm8994.o [7]
wm8994_drv              0x2000'004c    0x30  Data  ??  wm8994.o [7]


[1] = D:\files_\stm32f7\sheng_bo_tong_xin\fa_she\EWARM\fa_she\Obj\App_5054002353669439768.dir
[2] = D:\files_\stm32f7\sheng_bo_tong_xin\fa_she\EWARM\fa_she\Obj\CMSIS_6603591812247902717.dir
[3] = D:\files_\stm32f7\sheng_bo_tong_xin\fa_she\EWARM\fa_she\Obj\EWARM_18443280873093131863.dir
[4] = D:\files_\stm32f7\sheng_bo_tong_xin\fa_she\EWARM\fa_she\Obj\FatFs_12623354994737465327.dir
[5] = D:\files_\stm32f7\sheng_bo_tong_xin\fa_she\EWARM\fa_she\Obj\STM32F7xx_HAL_Driver_11354751252277784.dir
[6] = D:\files_\stm32f7\sheng_bo_tong_xin\fa_she\EWARM\fa_she\Obj\STemWin_13678884817204183862.dir
[7] = D:\files_\stm32f7\sheng_bo_tong_xin\fa_she\EWARM\fa_she\Obj\User_8454777428142420917.dir
[8] = STemWin_CM7_wc32_ot_ARGB.a
[9] = dl7M_tlf.a
[10] = m7M_tls.a
[11] = rt7M_tl.a
[12] = shb_l.a

  147'355 bytes of readonly  code memory
   15'173 bytes of readonly  data memory
   44'946 bytes of readwrite data memory

Errors: none
Warnings: none
